<?xml version="1.0" encoding="utf-8"?>
<TestRun id="09077d35-3fd6-4414-867e-0a86c25e5c2c" name="User@DOYOUNG 2026-08-04 15:41:24" runUser="DOYOUNG\User" xmlns="http://microsoft.com/schemas/VisualStudio/TeamTest/2010">
  <Times creation="2026-08-04T15:41:24.3034017+09:00" queuing="2026-08-04T15:41:24.3034022+09:00" start="2026-08-04T15:41:22.8410837+09:00" finish="2026-08-04T15:41:24.9979845+09:00" />
  <TestSettings name="default" id="f3fa806e-7929-4c9d-acbc-5626000b539f">
    <Deployment runDeploymentRoot="User_DOYOUNG_2026-08-04_15_41_24" />
  </TestSettings>
  <Results>
    <UnitTestResult executionId="c9bd0f83-06ad-4e06-8d2a-d2e4ffdddbb9" testId="5931ac79-7e67-7506-c3f1-1a0ed44fd4c3" testName="ToilRelic.Tests.EquipmentComparisonTests.UnequipCases_MatchCanonicalFixtureWithoutMutatingPlayer" computerName="DOYOUNG" duration="00:00:00.1382576" startTime="2026-08-04T15:41:24.0025552+09:00" endTime="2026-08-04T15:41:24.0025968+09:00" testType="13cdc9d9-ddb5-4fa4-a97d-d965ccfc6d4b" outcome="Passed" testListId="8c84fa94-04c1-424b-9868-57a2d4851a1d" relativeResultsDirectory="c9bd0f83-06ad-4e06-8d2a-d2e4ffdddbb9" />
    <UnitTestResult executionId="aa9c6dd2-cef1-4c19-9947-c9625abba108" testId="bd6bd27a-d6bd-4295-4895-563595853a3f" testName="ToilRelic.Tests.SaveSystemTests.Load_MissingRequiredCoreField_ReturnsUnreadableWithoutChangingBytes(fieldName: &quot;TreasureCount&quot;)" computerName="DOYOUNG" duration="00:00:00.0180152" startTime="2026-08-04T15:41:24.7926712+09:00" endTime="2026-08-04T15:41:24.7926715+09:00" testType="13cdc9d9-ddb5-4fa4-a97d-d965ccfc6d4b" outcome="Passed" testListId="8c84fa94-04c1-424b-9868-57a2d4851a1d" relativeResultsDirectory="aa9c6dd2-cef1-4c19-9947-c9625abba108" />
    <UnitTestResult executionId="09b2758b-91de-4dd2-ae91-5ab99435a18a" testId="4ab0c5fb-1d63-4069-6ba7-04c5bbbc472f" testName="ToilRelic.Tests.SaveSystemTests.Load_ImpossibleCoreValue_ReturnsUnreadableWithoutChangingBytes(invalidCase: NegativeExperience)" computerName="DOYOUNG" duration="00:00:00.0174280" startTime="2026-08-04T15:41:24.6937760+09:00" endTime="2026-08-04T15:41:24.6937766+09:00" testType="13cdc9d9-ddb5-4fa4-a97d-d965ccfc6d4b" outcome="Passed" testListId="8c84fa94-04c1-424b-9868-57a2d4851a1d" relativeResultsDirectory="09b2758b-91de-4dd2-ae91-5ab99435a18a" />
    <UnitTestResult executionId="9f2552c0-4aeb-4252-a30f-9a532c60f8c2" testId="64329dfb-6680-6af5-18eb-c30c9673bd4c" testName="ToilRelic.Tests.SaveSystemTests.SaveThenLoad_CurrentFormat_PreservesRepresentativePlayerValues" computerName="DOYOUNG" duration="00:00:00.0230518" startTime="2026-08-04T15:41:24.5406462+09:00" endTime="2026-08-04T15:41:24.5406468+09:00" testType="13cdc9d9-ddb5-4fa4-a97d-d965ccfc6d4b" outcome="Passed" testListId="8c84fa94-04c1-424b-9868-57a2d4851a1d" relativeResultsDirectory="9f2552c0-4aeb-4252-a30f-9a532c60f8c2" />
    <UnitTestResult executionId="8274cb99-c0fb-4b7f-b46b-2bb28e1fcc40" testId="b29f5b99-068e-bc54-825f-1718f8a76108" testName="ToilRelic.Tests.SaveSystemTests.Save_BlockedParent_ReturnsFailureWithDeveloperDiagnostic" computerName="DOYOUNG" duration="00:00:00.0032056" startTime="2026-08-04T15:41:24.7401705+09:00" endTime="2026-08-04T15:41:24.7401708+09:00" testType="13cdc9d9-ddb5-4fa4-a97d-d965ccfc6d4b" outcome="Passed" testListId="8c84fa94-04c1-424b-9868-57a2d4851a1d" relativeResultsDirectory="8274cb99-c0fb-4b7f-b46b-2bb28e1fcc40" />
    <UnitTestResult executionId="eb89711a-b762-410a-a76c-abd4da39b86e" testId="0f11059d-0561-ce9c-3926-438dd42c3563" testName="ToilRelic.Tests.SaveSystemTests.Load_MissingPath_ReturnsMissingWithoutPlayerOrDiagnostic" computerName="DOYOUNG" duration="00:00:00.0028793" startTime="2026-08-04T15:41:24.3651042+09:00" endTime="2026-08-04T15:41:24.3651044+09:00" testType="13cdc9d9-ddb5-4fa4-a97d-d965ccfc6d4b" outcome="Passed" testListId="8c84fa94-04c1-424b-9868-57a2d4851a1d" relativeResultsDirectory="eb89711a-b762-410a-a76c-abd4da39b86e" />
    <UnitTestResult executionId="85685be7-20b1-4ae5-b856-4d6384b2eec1" testId="f679faa0-da84-49c8-0a29-2d50e00d5b4d" testName="ToilRelic.Tests.SaveSystemTests.Load_ImpossibleCoreValue_ReturnsUnreadableWithoutChangingBytes(invalidCase: NegativeTreasureCount)" computerName="DOYOUNG" duration="00:00:00.0185641" startTime="2026-08-04T15:41:24.6597455+09:00" endTime="2026-08-04T15:41:24.6597459+09:00" testType="13cdc9d9-ddb5-4fa4-a97d-d965ccfc6d4b" outcome="Passed" testListId="8c84fa94-04c1-424b-9868-57a2d4851a1d" relativeResultsDirectory="85685be7-20b1-4ae5-b856-4d6384b2eec1" />
    <UnitTestResult executionId="b1ef69d1-df6b-4660-a8e6-3a571b0cf6b2" testId="5ddc163a-f961-87ec-a392-c07f500743c7" testName="ToilRelic.Tests.SaveSystemTests.Load_MissingRequiredCoreField_ReturnsUnreadableWithoutChangingBytes(fieldName: &quot;Hp&quot;)" computerName="DOYOUNG" duration="00:00:00.0164372" startTime="2026-08-04T15:41:24.8435908+09:00" endTime="2026-08-04T15:41:24.8435913+09:00" testType="13cdc9d9-ddb5-4fa4-a97d-d965ccfc6d4b" outcome="Passed" testListId="8c84fa94-04c1-424b-9868-57a2d4851a1d" relativeResultsDirectory="b1ef69d1-df6b-4660-a8e6-3a571b0cf6b2" />
    <UnitTestResult executionId="922bccdd-c091-4748-bd15-8eb4920b87cc" testId="3beb3490-9545-fd58-4fa6-f946a9de9080" testName="ToilRelic.Tests.SaveSystemTests.Load_LegacyFormatWithoutEquipmentFields_ReturnsLoaded" computerName="DOYOUNG" duration="00:00:00.0218135" startTime="2026-08-04T15:41:24.7338910+09:00" endTime="2026-08-04T15:41:24.7338916+09:00" testType="13cdc9d9-ddb5-4fa4-a97d-d965ccfc6d4b" outcome="Passed" testListId="8c84fa94-04c1-424b-9868-57a2d4851a1d" relativeResultsDirectory="922bccdd-c091-4748-bd15-8eb4920b87cc" />
    <UnitTestResult executionId="5d67625a-489a-465f-b20e-a2092fb9e192" testId="3459f12f-2686-fe08-228d-74690997360c" testName="ToilRelic.Tests.EquipmentComparisonTests.CatalogFixture_RepeatedInstallRestoresTwoProductionDefinitions" computerName="DOYOUNG" duration="00:00:00.0079150" startTime="2026-08-04T15:41:24.0088906+09:00" endTime="2026-08-04T15:41:24.0088909+09:00" testType="13cdc9d9-ddb5-4fa4-a97d-d965ccfc6d4b" outcome="Passed" testListId="8c84fa94-04c1-424b-9868-57a2d4851a1d" relativeResultsDirectory="5d67625a-489a-465f-b20e-a2092fb9e192" />
    <UnitTestResult executionId="992e3f8b-d68b-4660-b720-ea9d44d3c691" testId="5e00eb23-a91c-771d-fc55-6516dc05c5a5" testName="ToilRelic.Tests.SaveSystemTests.Load_ImpossibleCoreValue_ReturnsUnreadableWithoutChangingBytes(invalidCase: HpAboveMaxHp)" computerName="DOYOUNG" duration="00:00:00.0208637" startTime="2026-08-04T15:41:24.5832371+09:00" endTime="2026-08-04T15:41:24.5832377+09:00" testType="13cdc9d9-ddb5-4fa4-a97d-d965ccfc6d4b" outcome="Passed" testListId="8c84fa94-04c1-424b-9868-57a2d4851a1d" relativeResultsDirectory="992e3f8b-d68b-4660-b720-ea9d44d3c691" />
    <UnitTestResult executionId="9e43357e-2ea4-4b73-9834-e6d3714e5180" testId="f1d26cc5-52bf-60c1-4df9-a5d393ebfc6c" testName="ToilRelic.Tests.SaveSystemTests.Load_RequiredCoreFieldWithWrongKind_ReturnsUnreadableWithoutChangingBytes(fieldName: &quot;Inventory&quot;, replacementJson: &quot;[]&quot;)" computerName="DOYOUNG" duration="00:00:00.0202847" startTime="2026-08-04T15:41:24.4965684+09:00" endTime="2026-08-04T15:41:24.4965689+09:00" testType="13cdc9d9-ddb5-4fa4-a97d-d965ccfc6d4b" outcome="Passed" testListId="8c84fa94-04c1-424b-9868-57a2d4851a1d" relativeResultsDirectory="9e43357e-2ea4-4b73-9834-e6d3714e5180" />
    <UnitTestResult executionId="8c3520ff-9172-4253-8a04-306e471607f4" testId="9fab5553-176d-af7b-14fc-430ea212da5c" testName="ToilRelic.Tests.GameSaveUxTests.Run_MissingSave_ShowsDiagnosisAndSavesBeforeQuit" computerName="DOYOUNG" duration="00:00:00.0063911" startTime="2026-08-04T15:41:24.3616898+09:00" endTime="2026-08-04T15:41:24.3616902+09:00" testType="13cdc9d9-ddb5-4fa4-a97d-d965ccfc6d4b" outcome="Passed" testListId="8c84fa94-04c1-424b-9868-57a2d4851a1d" relativeResultsDirectory="8c3520ff-9172-4253-8a04-306e471607f4" />
    <UnitTestResult executionId="9751883d-cf37-45fd-b9be-8b0fe294ebe6" testId="3c8c0abf-5df1-873c-55dc-cf970c8c695b" testName="ToilRelic.Tests.SaveSystemTests.Load_ImpossibleCoreValue_ReturnsUnreadableWithoutChangingBytes(invalidCase: NonPositiveMaxHp)" computerName="DOYOUNG" duration="00:00:00.0163632" startTime="2026-08-04T15:41:24.6762309+09:00" endTime="2026-08-04T15:41:24.6762314+09:00" testType="13cdc9d9-ddb5-4fa4-a97d-d965ccfc6d4b" outcome="Passed" testListId="8c84fa94-04c1-424b-9868-57a2d4851a1d" relativeResultsDirectory="9751883d-cf37-45fd-b9be-8b0fe294ebe6" />
    <UnitTestResult executionId="316db791-ca77-4c5c-8dce-4a2ff970829f" testId="dbcad6f8-39e0-efff-68ab-595c87660380" testName="ToilRelic.Tests.GameEquipmentUxTests.Run_PreviewRewardThenCancel_LeavesSaveBytesUnchangedAndUnwindsStepwise" computerName="DOYOUNG" duration="00:00:00.0130513" startTime="2026-08-04T15:41:24.1276594+09:00" endTime="2026-08-04T15:41:24.1276600+09:00" testType="13cdc9d9-ddb5-4fa4-a97d-d965ccfc6d4b" outcome="Passed" testListId="8c84fa94-04c1-424b-9868-57a2d4851a1d" relativeResultsDirectory="316db791-ca77-4c5c-8dce-4a2ff970829f" />
    <UnitTestResult executionId="9b27828f-2ce5-4a82-aeb9-67c2d84c23cb" testId="cd59e02a-e9e8-731b-68f4-1b318d0f4f85" testName="ToilRelic.Tests.SaveSystemTests.Load_ImpossibleCoreValue_ReturnsUnreadableWithoutChangingBytes(invalidCase: NegativeInventoryAmount)" computerName="DOYOUNG" duration="00:00:00.0214151" startTime="2026-08-04T15:41:24.5622129+09:00" endTime="2026-08-04T15:41:24.5622136+09:00" testType="13cdc9d9-ddb5-4fa4-a97d-d965ccfc6d4b" outcome="Passed" testListId="8c84fa94-04c1-424b-9868-57a2d4851a1d" relativeResultsDirectory="9b27828f-2ce5-4a82-aeb9-67c2d84c23cb" />
    <UnitTestResult executionId="2eaca29e-e85b-4ab3-abd4-01c10ff02313" testId="af88ef86-f44b-3644-c2ac-4661be8af071" testName="ToilRelic.Tests.EquipmentComparisonTests.ComparisonCases_MatchCanonicalFixtureWithoutMutatingPlayer" computerName="DOYOUNG" duration="00:00:00.0242380" startTime="2026-08-04T15:41:24.0340651+09:00" endTime="2026-08-04T15:41:24.0340655+09:00" testType="13cdc9d9-ddb5-4fa4-a97d-d965ccfc6d4b" outcome="Passed" testListId="8c84fa94-04c1-424b-9868-57a2d4851a1d" relativeResultsDirectory="2eaca29e-e85b-4ab3-abd4-01c10ff02313" />
    <UnitTestResult executionId="eab39947-17a1-4d61-9b12-6d26fa10900e" testId="7b500b68-953e-019e-fa23-ea3571631ffc" testName="ToilRelic.Tests.GameEquipmentUxTests.Run_PreviewStarterFromReward_ShowsNegativeAttackDeltaWithoutSaving" computerName="DOYOUNG" duration="00:00:00.0649456" startTime="2026-08-04T15:41:24.1014746+09:00" endTime="2026-08-04T15:41:24.1014751+09:00" testType="13cdc9d9-ddb5-4fa4-a97d-d965ccfc6d4b" outcome="Passed" testListId="8c84fa94-04c1-424b-9868-57a2d4851a1d" relativeResultsDirectory="eab39947-17a1-4d61-9b12-6d26fa10900e" />
    <UnitTestResult executionId="907c4d4f-3a83-4d2a-b13d-5f163943586c" testId="469e99ca-02e3-c69b-eed4-315f41a68943" testName="ToilRelic.Tests.GameSaveUxTests.Run_UnreadableSave_DiagnosesWithoutMutationBeforeSelection" computerName="DOYOUNG" duration="00:00:00.0273289" startTime="2026-08-04T15:41:24.3112933+09:00" endTime="2026-08-04T15:41:24.3112939+09:00" testType="13cdc9d9-ddb5-4fa4-a97d-d965ccfc6d4b" outcome="Passed" testListId="8c84fa94-04c1-424b-9868-57a2d4851a1d" relativeResultsDirectory="907c4d4f-3a83-4d2a-b13d-5f163943586c" />
    <UnitTestResult executionId="438b8c47-73ca-4747-ad81-0dda8a5e7f38" testId="8922dc8f-1e09-730b-e9e6-e8476dc71a3b" testName="ToilRelic.Tests.GameSaveUxTests.Run_EmptyJsonObject_DiagnosesWithoutOfferingContinue" computerName="DOYOUNG" duration="00:00:00.0052886" startTime="2026-08-04T15:41:24.2577463+09:00" endTime="2026-08-04T15:41:24.2577468+09:00" testType="13cdc9d9-ddb5-4fa4-a97d-d965ccfc6d4b" outcome="Passed" testListId="8c84fa94-04c1-424b-9868-57a2d4851a1d" relativeResultsDirectory="438b8c47-73ca-4747-ad81-0dda8a5e7f38" />
    <UnitTestResult executionId="c6eaf720-57cd-45a7-b134-c8ac7ca3daf9" testId="bdb8dc34-7097-c142-cc67-7b62857c1c7f" testName="ToilRelic.Tests.GameEquipmentUxTests.Run_OptionalEquipment_EquipsAndUnequipsWithSuccessOnlySaves" computerName="DOYOUNG" duration="00:00:00.0320975" startTime="2026-08-04T15:41:24.1780443+09:00" endTime="2026-08-04T15:41:24.1780449+09:00" testType="13cdc9d9-ddb5-4fa4-a97d-d965ccfc6d4b" outcome="Passed" testListId="8c84fa94-04c1-424b-9868-57a2d4851a1d" relativeResultsDirectory="c6eaf720-57cd-45a7-b134-c8ac7ca3daf9" />
    <UnitTestResult executionId="1be88a21-c5b4-41f2-b80e-6954fa1b03c3" testId="61053060-edae-24f9-fb86-67399672acb0" testName="ToilRelic.Tests.SaveSystemTests.Load_ImpossibleCoreValue_ReturnsUnreadableWithoutChangingBytes(invalidCase: ExperienceAtLevelThreshold)" computerName="DOYOUNG" duration="00:00:00.0196443" startTime="2026-08-04T15:41:24.6410738+09:00" endTime="2026-08-04T15:41:24.6410742+09:00" testType="13cdc9d9-ddb5-4fa4-a97d-d965ccfc6d4b" outcome="Passed" testListId="8c84fa94-04c1-424b-9868-57a2d4851a1d" relativeResultsDirectory="1be88a21-c5b4-41f2-b80e-6954fa1b03c3" />
    <UnitTestResult executionId="737eee36-5878-4ce2-8af5-338c08c603e0" testId="e38bba25-6bb7-8430-083d-6e870c201ad6" testName="ToilRelic.Tests.GameSaveUxTests.Run_ReplacementFailure_RemainsOnTitleWithSafeCopy" computerName="DOYOUNG" duration="00:00:00.0250219" startTime="2026-08-04T15:41:24.3387410+09:00" endTime="2026-08-04T15:41:24.3387415+09:00" testType="13cdc9d9-ddb5-4fa4-a97d-d965ccfc6d4b" outcome="Passed" testListId="8c84fa94-04c1-424b-9868-57a2d4851a1d" relativeResultsDirectory="737eee36-5878-4ce2-8af5-338c08c603e0" />
    <UnitTestResult executionId="8460e9d0-4ed5-4854-a093-74c4dcaa3caa" testId="f9504f1a-ae1a-0d9e-e379-90e5a479e254" testName="ToilRelic.Tests.SaveSystemTests.Load_ImpossibleCoreValue_ReturnsUnreadableWithoutChangingBytes(invalidCase: NonPositiveLevel)" computerName="DOYOUNG" duration="00:00:00.0180432" startTime="2026-08-04T15:41:24.7118909+09:00" endTime="2026-08-04T15:41:24.7118915+09:00" testType="13cdc9d9-ddb5-4fa4-a97d-d965ccfc6d4b" outcome="Passed" testListId="8c84fa94-04c1-424b-9868-57a2d4851a1d" relativeResultsDirectory="8460e9d0-4ed5-4854-a093-74c4dcaa3caa" />
    <UnitTestResult executionId="a3bb1967-8168-4520-bd37-c01ed2cd7534" testId="bf6f5821-b844-c839-3b6a-f39b1f581df1" testName="ToilRelic.Tests.SaveSystemTests.Load_LockedFile_ReturnsUnreadableWithoutChangingBytes" computerName="DOYOUNG" duration="00:00:00.0061833" startTime="2026-08-04T15:41:24.8667507+09:00" endTime="2026-08-04T15:41:24.8667512+09:00" testType="13cdc9d9-ddb5-4fa4-a97d-d965ccfc6d4b" outcome="Passed" testListId="8c84fa94-04c1-424b-9868-57a2d4851a1d" relativeResultsDirectory="a3bb1967-8168-4520-bd37-c01ed2cd7534" />
    <UnitTestResult executionId="15cbd4f8-02db-4652-bc79-1c41b6b4381c" testId="284bae40-4d44-2ec7-48d1-403de349a9be" testName="ToilRelic.Tests.SaveSystemTests.Load_ImpossibleCoreValue_ReturnsUnreadableWithoutChangingBytes(invalidCase: NegativeHp)" computerName="DOYOUNG" duration="00:00:00.0172095" startTime="2026-08-04T15:41:24.6213328+09:00" endTime="2026-08-04T15:41:24.6213331+09:00" testType="13cdc9d9-ddb5-4fa4-a97d-d965ccfc6d4b" outcome="Passed" testListId="8c84fa94-04c1-424b-9868-57a2d4851a1d" relativeResultsDirectory="15cbd4f8-02db-4652-bc79-1c41b6b4381c" />
    <UnitTestResult executionId="9477e834-c09a-4699-b0d8-ebfd5ddff651" testId="81e0ba78-da48-8718-c853-50dbcd262972" testName="ToilRelic.Tests.SaveSystemTests.Load_RequiredCoreFieldWithWrongKind_ReturnsUnreadableWithoutChangingBytes(fieldName: &quot;TreasureCount&quot;, replacementJson: &quot;\&quot;0\&quot;&quot;)" computerName="DOYOUNG" duration="00:00:00.0231308" startTime="2026-08-04T15:41:24.4117721+09:00" endTime="2026-08-04T15:41:24.4117726+09:00" testType="13cdc9d9-ddb5-4fa4-a97d-d965ccfc6d4b" outcome="Passed" testListId="8c84fa94-04c1-424b-9868-57a2d4851a1d" relativeResultsDirectory="9477e834-c09a-4699-b0d8-ebfd5ddff651" />
    <UnitTestResult executionId="4014f741-7d1c-4007-a62d-2492392fb3a7" testId="8841b95c-86a5-63e2-807d-0a45342a90e3" testName="ToilRelic.Tests.SaveSystemTests.Load_MissingRequiredCoreField_ReturnsUnreadableWithoutChangingBytes(fieldName: &quot;MaxHp&quot;)" computerName="DOYOUNG" duration="00:00:00.0163052" startTime="2026-08-04T15:41:24.7744966+09:00" endTime="2026-08-04T15:41:24.7744972+09:00" testType="13cdc9d9-ddb5-4fa4-a97d-d965ccfc6d4b" outcome="Passed" testListId="8c84fa94-04c1-424b-9868-57a2d4851a1d" relativeResultsDirectory="4014f741-7d1c-4007-a62d-2492392fb3a7" />
    <UnitTestResult executionId="d82bf1e6-1727-4aec-875d-3da3977adc71" testId="72576d8a-7292-829a-931b-ea32b49d0e63" testName="ToilRelic.Tests.GameSaveUxTests.Run_ValidSave_OffersContinueAndUsesLoadedPlayer" computerName="DOYOUNG" duration="00:00:00.0266447" startTime="2026-08-04T15:41:24.2842655+09:00" endTime="2026-08-04T15:41:24.2842661+09:00" testType="13cdc9d9-ddb5-4fa4-a97d-d965ccfc6d4b" outcome="Passed" testListId="8c84fa94-04c1-424b-9868-57a2d4851a1d" relativeResultsDirectory="d82bf1e6-1727-4aec-875d-3da3977adc71" />
    <UnitTestResult executionId="9e87a268-d26e-41de-807c-7b2333a1e752" testId="34075324-728b-eef4-72a4-2093adb9bba2" testName="ToilRelic.Tests.GameEquipmentUxTests.Run_ConfirmReward_RevalidatesSavesAndReloadsReplacement" computerName="DOYOUNG" duration="00:00:00.0171711" startTime="2026-08-04T15:41:24.2423479+09:00" endTime="2026-08-04T15:41:24.2423481+09:00" testType="13cdc9d9-ddb5-4fa4-a97d-d965ccfc6d4b" outcome="Passed" testListId="8c84fa94-04c1-424b-9868-57a2d4851a1d" relativeResultsDirectory="9e87a268-d26e-41de-807c-7b2333a1e752" />
    <UnitTestResult executionId="3c1d3071-9996-418e-8f68-db460cc30135" testId="e0f0d762-5f40-8624-e70e-ba43f75f5fda" testName="ToilRelic.Tests.SaveSystemTests.Load_MissingRequiredCoreField_ReturnsUnreadableWithoutChangingBytes(fieldName: &quot;Inventory&quot;)" computerName="DOYOUNG" duration="00:00:00.0177444" startTime="2026-08-04T15:41:24.7580580+09:00" endTime="2026-08-04T15:41:24.7580585+09:00" testType="13cdc9d9-ddb5-4fa4-a97d-d965ccfc6d4b" outcome="Passed" testListId="8c84fa94-04c1-424b-9868-57a2d4851a1d" relativeResultsDirectory="3c1d3071-9996-418e-8f68-db460cc30135" />
    <UnitTestResult executionId="9fa83c15-f649-477c-ae47-e2dce9d113a3" testId="6811dffb-0b0f-9012-0bc0-c920516b6016" testName="ToilRelic.Tests.SaveSystemTests.Load_RequiredCoreFieldWithWrongKind_ReturnsUnreadableWithoutChangingBytes(fieldName: &quot;Level&quot;, replacementJson: &quot;\&quot;2\&quot;&quot;)" computerName="DOYOUNG" duration="00:00:00.0213676" startTime="2026-08-04T15:41:24.4553738+09:00" endTime="2026-08-04T15:41:24.4553744+09:00" testType="13cdc9d9-ddb5-4fa4-a97d-d965ccfc6d4b" outcome="Passed" testListId="8c84fa94-04c1-424b-9868-57a2d4851a1d" relativeResultsDirectory="9fa83c15-f649-477c-ae47-e2dce9d113a3" />
    <UnitTestResult executionId="7c918098-c335-4f74-b5b3-1da35261794c" testId="6fdc1752-ffbc-65e7-1cbb-097f245a7fc2" testName="ToilRelic.Tests.SaveSystemTests.Save_CurrentFormat_KeepsExistingJsonShape" computerName="DOYOUNG" duration="00:00:00.0239313" startTime="2026-08-04T15:41:24.9091909+09:00" endTime="2026-08-04T15:41:24.9091914+09:00" testType="13cdc9d9-ddb5-4fa4-a97d-d965ccfc6d4b" outcome="Passed" testListId="8c84fa94-04c1-424b-9868-57a2d4851a1d" relativeResultsDirectory="7c918098-c335-4f74-b5b3-1da35261794c" />
    <UnitTestResult executionId="dc51e756-8239-4ef4-bf89-a18f2cf86f97" testId="1f88d99a-7697-01b8-9ed5-2ed599518017" testName="ToilRelic.Tests.SaveSystemTests.Load_RequiredCoreFieldWithWrongKind_ReturnsUnreadableWithoutChangingBytes(fieldName: &quot;Name&quot;, replacementJson: &quot;42&quot;)" computerName="DOYOUNG" duration="00:00:00.0223034" startTime="2026-08-04T15:41:24.4338649+09:00" endTime="2026-08-04T15:41:24.4338655+09:00" testType="13cdc9d9-ddb5-4fa4-a97d-d965ccfc6d4b" outcome="Passed" testListId="8c84fa94-04c1-424b-9868-57a2d4851a1d" relativeResultsDirectory="dc51e756-8239-4ef4-bf89-a18f2cf86f97" />
    <UnitTestResult executionId="00a9055f-7fec-46be-9c28-5bc73c7b5c45" testId="f80ff2f0-ba6a-b2d4-109b-d96e2beefdd5" testName="ToilRelic.Tests.GameSaveUxTests.Run_SaveFailureThenRecovery_PrintsFinalOutcomesAfterActions" computerName="DOYOUNG" duration="00:00:00.0184895" startTime="2026-08-04T15:41:24.3560773+09:00" endTime="2026-08-04T15:41:24.3560779+09:00" testType="13cdc9d9-ddb5-4fa4-a97d-d965ccfc6d4b" outcome="Passed" testListId="8c84fa94-04c1-424b-9868-57a2d4851a1d" relativeResultsDirectory="00a9055f-7fec-46be-9c28-5bc73c7b5c45" />
    <UnitTestResult executionId="b64b08e3-76e5-4f40-994b-94ed59999aa9" testId="c100a3fe-7faf-e998-efbf-059ebc03514b" testName="ToilRelic.Tests.SaveSystemTests.Load_MissingRequiredCoreField_ReturnsUnreadableWithoutChangingBytes(fieldName: &quot;Level&quot;)" computerName="DOYOUNG" duration="00:00:00.0166644" startTime="2026-08-04T15:41:24.8604255+09:00" endTime="2026-08-04T15:41:24.8604259+09:00" testType="13cdc9d9-ddb5-4fa4-a97d-d965ccfc6d4b" outcome="Passed" testListId="8c84fa94-04c1-424b-9868-57a2d4851a1d" relativeResultsDirectory="b64b08e3-76e5-4f40-994b-94ed59999aa9" />
    <UnitTestResult executionId="27593132-ee49-48db-81b2-fe84adfcaa49" testId="2b1518a9-af8f-c307-7d25-699a675c66c2" testName="ToilRelic.Tests.GameEquipmentUxTests.Run_SameItemAndMandatoryUnequip_DoNotChangeSaveBytes" computerName="DOYOUNG" duration="00:00:00.0179838" startTime="2026-08-04T15:41:24.1458060+09:00" endTime="2026-08-04T15:41:24.1458064+09:00" testType="13cdc9d9-ddb5-4fa4-a97d-d965ccfc6d4b" outcome="Passed" testListId="8c84fa94-04c1-424b-9868-57a2d4851a1d" relativeResultsDirectory="27593132-ee49-48db-81b2-fe84adfcaa49" />
    <UnitTestResult executionId="f8fcc447-52c2-44a4-a58e-5c50c0b3f553" testId="dcafc412-9f45-adda-e3ed-1e72bac90faa" testName="ToilRelic.Tests.SaveSystemTests.Delete_DirectoryPath_ReturnsFailureWithoutRemovingDirectory" computerName="DOYOUNG" duration="00:00:00.0021870" startTime="2026-08-04T15:41:24.9155355+09:00" endTime="2026-08-04T15:41:24.9155367+09:00" testType="13cdc9d9-ddb5-4fa4-a97d-d965ccfc6d4b" outcome="Passed" testListId="8c84fa94-04c1-424b-9868-57a2d4851a1d" relativeResultsDirectory="f8fcc447-52c2-44a4-a58e-5c50c0b3f553" />
    <UnitTestResult executionId="d783d99f-441d-4f5e-93c3-e2e358c03890" testId="2acbbf53-5d00-6bae-d992-426f665c8ac2" testName="ToilRelic.Tests.SaveSystemTests.Load_RequiredCoreFieldWithWrongKind_ReturnsUnreadableWithoutChangingBytes(fieldName: &quot;Experience&quot;, replacementJson: &quot;\&quot;3\&quot;&quot;)" computerName="DOYOUNG" duration="00:00:00.0206933" startTime="2026-08-04T15:41:24.4761765+09:00" endTime="2026-08-04T15:41:24.4761770+09:00" testType="13cdc9d9-ddb5-4fa4-a97d-d965ccfc6d4b" outcome="Passed" testListId="8c84fa94-04c1-424b-9868-57a2d4851a1d" relativeResultsDirectory="d783d99f-441d-4f5e-93c3-e2e358c03890" />
    <UnitTestResult executionId="eea2f359-838b-48d9-b47f-6eb74907ec40" testId="cd810a1d-5faf-4113-9c37-3aa214fbcd6a" testName="ToilRelic.Tests.SaveSystemTests.Load_MissingRequiredCoreField_ReturnsUnreadableWithoutChangingBytes(fieldName: &quot;Name&quot;)" computerName="DOYOUNG" duration="00:00:00.0181700" startTime="2026-08-04T15:41:24.8110230+09:00" endTime="2026-08-04T15:41:24.8110234+09:00" testType="13cdc9d9-ddb5-4fa4-a97d-d965ccfc6d4b" outcome="Passed" testListId="8c84fa94-04c1-424b-9868-57a2d4851a1d" relativeResultsDirectory="eea2f359-838b-48d9-b47f-6eb74907ec40" />
    <UnitTestResult executionId="999ed62d-ef95-4b8a-850a-4abdb55de5c1" testId="46f35d1c-9b8b-f80c-a5a6-6dfd6d2c155c" testName="ToilRelic.Tests.GameSaveUxTests.Run_ExperienceAtLevelThreshold_DiagnosesWithoutOfferingContinueOrChangingBytes" computerName="DOYOUNG" duration="00:00:00.0247083" startTime="2026-08-04T15:41:24.2516343+09:00" endTime="2026-08-04T15:41:24.2516348+09:00" testType="13cdc9d9-ddb5-4fa4-a97d-d965ccfc6d4b" outcome="Passed" testListId="8c84fa94-04c1-424b-9868-57a2d4851a1d" relativeResultsDirectory="999ed62d-ef95-4b8a-850a-4abdb55de5c1" />
    <UnitTestResult executionId="ad0f5b35-01c6-41d0-bff8-333f37b269bc" testId="95722fa5-4a33-1b2a-eee8-81326c554a44" testName="ToilRelic.Tests.SaveSystemTests.Load_MissingRequiredCoreField_ReturnsUnreadableWithoutChangingBytes(fieldName: &quot;Experience&quot;)" computerName="DOYOUNG" duration="00:00:00.0159072" startTime="2026-08-04T15:41:24.8270615+09:00" endTime="2026-08-04T15:41:24.8270631+09:00" testType="13cdc9d9-ddb5-4fa4-a97d-d965ccfc6d4b" outcome="Passed" testListId="8c84fa94-04c1-424b-9868-57a2d4851a1d" relativeResultsDirectory="ad0f5b35-01c6-41d0-bff8-333f37b269bc" />
    <UnitTestResult executionId="3db6ce17-5942-42ed-9714-2625670b5e08" testId="a30f7259-c117-2f8f-197d-c1eec8a07450" testName="ToilRelic.Tests.GameEquipmentUxTests.Run_RingEquippedInRingOne_IsAbsentFromRingTwoCandidates" computerName="DOYOUNG" duration="00:00:00.0121125" startTime="2026-08-04T15:41:24.2421107+09:00" endTime="2026-08-04T15:41:24.2421108+09:00" testType="13cdc9d9-ddb5-4fa4-a97d-d965ccfc6d4b" outcome="Passed" testListId="8c84fa94-04c1-424b-9868-57a2d4851a1d" relativeResultsDirectory="3db6ce17-5942-42ed-9714-2625670b5e08" />
    <UnitTestResult executionId="c23b6bbf-5794-44c3-97f2-867d0e32cf00" testId="fdc46367-e306-adab-e1c2-77f578ae932f" testName="ToilRelic.Tests.SaveSystemTests.Load_MalformedJson_ReturnsUnreadableWithoutChangingBytes" computerName="DOYOUNG" duration="00:00:00.0181384" startTime="2026-08-04T15:41:24.8850305+09:00" endTime="2026-08-04T15:41:24.8850311+09:00" testType="13cdc9d9-ddb5-4fa4-a97d-d965ccfc6d4b" outcome="Passed" testListId="8c84fa94-04c1-424b-9868-57a2d4851a1d" relativeResultsDirectory="c23b6bbf-5794-44c3-97f2-867d0e32cf00" />
    <UnitTestResult executionId="8275f209-dec9-4f93-a9dd-9c6a34e896a2" testId="aa58b29e-0b8f-db38-32b9-971a83430296" testName="ToilRelic.Tests.GameEquipmentUxTests.Run_EquipmentSaveFailure_KeepsMutationVisibleAndLeavesWarningAsFinalOutcome" computerName="DOYOUNG" duration="00:00:00.0188400" startTime="2026-08-04T15:41:24.1969852+09:00" endTime="2026-08-04T15:41:24.1969857+09:00" testType="13cdc9d9-ddb5-4fa4-a97d-d965ccfc6d4b" outcome="Passed" testListId="8c84fa94-04c1-424b-9868-57a2d4851a1d" relativeResultsDirectory="8275f209-dec9-4f93-a9dd-9c6a34e896a2" />
    <UnitTestResult executionId="b0eb7450-0eb6-4f56-8042-283c9eaa8de6" testId="f4f8bcce-debe-4571-99f2-36726262d655" testName="ToilRelic.Tests.SaveSystemTests.Load_EmptyJsonObject_ReturnsUnreadableWithoutChangingBytes" computerName="DOYOUNG" duration="00:00:00.0027950" startTime="2026-08-04T15:41:24.7368060+09:00" endTime="2026-08-04T15:41:24.7368062+09:00" testType="13cdc9d9-ddb5-4fa4-a97d-d965ccfc6d4b" outcome="Passed" testListId="8c84fa94-04c1-424b-9868-57a2d4851a1d" relativeResultsDirectory="b0eb7450-0eb6-4f56-8042-283c9eaa8de6" />
    <UnitTestResult executionId="b0bf9c54-f245-46c3-9111-31b93221c967" testId="49af8928-e070-7f08-1196-9c8e8bfe8299" testName="ToilRelic.Tests.SaveSystemTests.Load_ImpossibleCoreValue_ReturnsUnreadableWithoutChangingBytes(invalidCase: UndefinedItemType)" computerName="DOYOUNG" duration="00:00:00.0205993" startTime="2026-08-04T15:41:24.6040741+09:00" endTime="2026-08-04T15:41:24.6040744+09:00" testType="13cdc9d9-ddb5-4fa4-a97d-d965ccfc6d4b" outcome="Passed" testListId="8c84fa94-04c1-424b-9868-57a2d4851a1d" relativeResultsDirectory="b0bf9c54-f245-46c3-9111-31b93221c967" />
    <UnitTestResult executionId="21a2bfd1-1d00-4b2c-9831-d90a93a31c20" testId="8119fbe4-98c1-680c-0f86-6c8d94509b1b" testName="ToilRelic.Tests.SaveSystemTests.Delete_MissingAndExistingPaths_ReturnSuccess" computerName="DOYOUNG" duration="00:00:00.0037314" startTime="2026-08-04T15:41:24.9135766+09:00" endTime="2026-08-04T15:41:24.9135772+09:00" testType="13cdc9d9-ddb5-4fa4-a97d-d965ccfc6d4b" outcome="Passed" testListId="8c84fa94-04c1-424b-9868-57a2d4851a1d" relativeResultsDirectory="21a2bfd1-1d00-4b2c-9831-d90a93a31c20" />
    <UnitTestResult executionId="eadd4947-5db2-4982-a06e-5b009abca80c" testId="d5f38515-f76b-5fbd-7ed6-9fcdc41402d1" testName="ToilRelic.Tests.SaveSystemTests.Load_RequiredCoreFieldWithWrongKind_ReturnsUnreadableWithoutChangingBytes(fieldName: &quot;MaxHp&quot;, replacementJson: &quot;\&quot;100\&quot;&quot;)" computerName="DOYOUNG" duration="00:00:00.0207357" startTime="2026-08-04T15:41:24.5174537+09:00" endTime="2026-08-04T15:41:24.5174542+09:00" testType="13cdc9d9-ddb5-4fa4-a97d-d965ccfc6d4b" outcome="Passed" testListId="8c84fa94-04c1-424b-9868-57a2d4851a1d" relativeResultsDirectory="eadd4947-5db2-4982-a06e-5b009abca80c" />
    <UnitTestResult executionId="09bd5c72-905c-4d06-b041-444cdff47644" testId="cd8bc023-3c4b-09fd-daae-ae26fed0a0f0" testName="ToilRelic.Tests.GameEquipmentUxTests.Run_CandidateRemovedAfterPreview_IsRejectedWithoutSaving" computerName="DOYOUNG" duration="00:00:00.0130569" startTime="2026-08-04T15:41:24.1144778+09:00" endTime="2026-08-04T15:41:24.1144783+09:00" testType="13cdc9d9-ddb5-4fa4-a97d-d965ccfc6d4b" outcome="Passed" testListId="8c84fa94-04c1-424b-9868-57a2d4851a1d" relativeResultsDirectory="09bd5c72-905c-4d06-b041-444cdff47644" />
    <UnitTestResult executionId="08bafeed-a22d-479b-bdd2-bbc70e860fc7" testId="44518b6d-96b8-d21d-c455-99ec04fa7bf9" testName="ToilRelic.Tests.SaveSystemTests.Load_RequiredCoreFieldWithWrongKind_ReturnsUnreadableWithoutChangingBytes(fieldName: &quot;Hp&quot;, replacementJson: &quot;\&quot;50\&quot;&quot;)" computerName="DOYOUNG" duration="00:00:00.0229421" startTime="2026-08-04T15:41:24.3881928+09:00" endTime="2026-08-04T15:41:24.3881934+09:00" testType="13cdc9d9-ddb5-4fa4-a97d-d965ccfc6d4b" outcome="Passed" testListId="8c84fa94-04c1-424b-9868-57a2d4851a1d" relativeResultsDirectory="08bafeed-a22d-479b-bdd2-bbc70e860fc7" />
  </Results>
  <TestDefinitions>
    <UnitTest name="ToilRelic.Tests.SaveSystemTests.Load_MissingRequiredCoreField_ReturnsUnreadableWithoutChangingBytes(fieldName: &quot;Name&quot;)" storage="c:\users\user\appdata\local\temp\equipment-comparison-qa-4d808af120ed4b76891ee56fee8ddab5\tests\toilrelic.tests\bin\debug\net8.0\toilrelic.tests.dll" id="cd810a1d-5faf-4113-9c37-3aa214fbcd6a">
      <Execution id="eea2f359-838b-48d9-b47f-6eb74907ec40" />
      <TestMethod codeBase="C:\Users\User\AppData\Local\Temp\equipment-comparison-qa-4d808af120ed4b76891ee56fee8ddab5\tests\ToilRelic.Tests\bin\Debug\net8.0\ToilRelic.Tests.dll" adapterTypeName="executor://xunit/VsTestRunner2/netcoreapp" className="ToilRelic.Tests.SaveSystemTests" name="Load_MissingRequiredCoreField_ReturnsUnreadableWithoutChangingBytes" />
    </UnitTest>
    <UnitTest name="ToilRelic.Tests.SaveSystemTests.Load_RequiredCoreFieldWithWrongKind_ReturnsUnreadableWithoutChangingBytes(fieldName: &quot;MaxHp&quot;, replacementJson: &quot;\&quot;100\&quot;&quot;)" storage="c:\users\user\appdata\local\temp\equipment-comparison-qa-4d808af120ed4b76891ee56fee8ddab5\tests\toilrelic.tests\bin\debug\net8.0\toilrelic.tests.dll" id="d5f38515-f76b-5fbd-7ed6-9fcdc41402d1">
      <Execution id="eadd4947-5db2-4982-a06e-5b009abca80c" />
      <TestMethod codeBase="C:\Users\User\AppData\Local\Temp\equipment-comparison-qa-4d808af120ed4b76891ee56fee8ddab5\tests\ToilRelic.Tests\bin\Debug\net8.0\ToilRelic.Tests.dll" adapterTypeName="executor://xunit/VsTestRunner2/netcoreapp" className="ToilRelic.Tests.SaveSystemTests" name="Load_RequiredCoreFieldWithWrongKind_ReturnsUnreadableWithoutChangingBytes" />
    </UnitTest>
    <UnitTest name="ToilRelic.Tests.SaveSystemTests.Load_RequiredCoreFieldWithWrongKind_ReturnsUnreadableWithoutChangingBytes(fieldName: &quot;Name&quot;, replacementJson: &quot;42&quot;)" storage="c:\users\user\appdata\local\temp\equipment-comparison-qa-4d808af120ed4b76891ee56fee8ddab5\tests\toilrelic.tests\bin\debug\net8.0\toilrelic.tests.dll" id="1f88d99a-7697-01b8-9ed5-2ed599518017">
      <Execution id="dc51e756-8239-4ef4-bf89-a18f2cf86f97" />
      <TestMethod codeBase="C:\Users\User\AppData\Local\Temp\equipment-comparison-qa-4d808af120ed4b76891ee56fee8ddab5\tests\ToilRelic.Tests\bin\Debug\net8.0\ToilRelic.Tests.dll" adapterTypeName="executor://xunit/VsTestRunner2/netcoreapp" className="ToilRelic.Tests.SaveSystemTests" name="Load_RequiredCoreFieldWithWrongKind_ReturnsUnreadableWithoutChangingBytes" />
    </UnitTest>
    <UnitTest name="ToilRelic.Tests.EquipmentComparisonTests.CatalogFixture_RepeatedInstallRestoresTwoProductionDefinitions" storage="c:\users\user\appdata\local\temp\equipment-comparison-qa-4d808af120ed4b76891ee56fee8ddab5\tests\toilrelic.tests\bin\debug\net8.0\toilrelic.tests.dll" id="3459f12f-2686-fe08-228d-74690997360c">
      <Execution id="5d67625a-489a-465f-b20e-a2092fb9e192" />
      <TestMethod codeBase="C:\Users\User\AppData\Local\Temp\equipment-comparison-qa-4d808af120ed4b76891ee56fee8ddab5\tests\ToilRelic.Tests\bin\Debug\net8.0\ToilRelic.Tests.dll" adapterTypeName="executor://xunit/VsTestRunner2/netcoreapp" className="ToilRelic.Tests.EquipmentComparisonTests" name="CatalogFixture_RepeatedInstallRestoresTwoProductionDefinitions" />
    </UnitTest>
    <UnitTest name="ToilRelic.Tests.SaveSystemTests.Load_RequiredCoreFieldWithWrongKind_ReturnsUnreadableWithoutChangingBytes(fieldName: &quot;Experience&quot;, replacementJson: &quot;\&quot;3\&quot;&quot;)" storage="c:\users\user\appdata\local\temp\equipment-comparison-qa-4d808af120ed4b76891ee56fee8ddab5\tests\toilrelic.tests\bin\debug\net8.0\toilrelic.tests.dll" id="2acbbf53-5d00-6bae-d992-426f665c8ac2">
      <Execution id="d783d99f-441d-4f5e-93c3-e2e358c03890" />
      <TestMethod codeBase="C:\Users\User\AppData\Local\Temp\equipment-comparison-qa-4d808af120ed4b76891ee56fee8ddab5\tests\ToilRelic.Tests\bin\Debug\net8.0\ToilRelic.Tests.dll" adapterTypeName="executor://xunit/VsTestRunner2/netcoreapp" className="ToilRelic.Tests.SaveSystemTests" name="Load_RequiredCoreFieldWithWrongKind_ReturnsUnreadableWithoutChangingBytes" />
    </UnitTest>
    <UnitTest name="ToilRelic.Tests.SaveSystemTests.Load_RequiredCoreFieldWithWrongKind_ReturnsUnreadableWithoutChangingBytes(fieldName: &quot;Inventory&quot;, replacementJson: &quot;[]&quot;)" storage="c:\users\user\appdata\local\temp\equipment-comparison-qa-4d808af120ed4b76891ee56fee8ddab5\tests\toilrelic.tests\bin\debug\net8.0\toilrelic.tests.dll" id="f1d26cc5-52bf-60c1-4df9-a5d393ebfc6c">
      <Execution id="9e43357e-2ea4-4b73-9834-e6d3714e5180" />
      <TestMethod codeBase="C:\Users\User\AppData\Local\Temp\equipment-comparison-qa-4d808af120ed4b76891ee56fee8ddab5\tests\ToilRelic.Tests\bin\Debug\net8.0\ToilRelic.Tests.dll" adapterTypeName="executor://xunit/VsTestRunner2/netcoreapp" className="ToilRelic.Tests.SaveSystemTests" name="Load_RequiredCoreFieldWithWrongKind_ReturnsUnreadableWithoutChangingBytes" />
    </UnitTest>
    <UnitTest name="ToilRelic.Tests.GameSaveUxTests.Run_EmptyJsonObject_DiagnosesWithoutOfferingContinue" storage="c:\users\user\appdata\local\temp\equipment-comparison-qa-4d808af120ed4b76891ee56fee8ddab5\tests\toilrelic.tests\bin\debug\net8.0\toilrelic.tests.dll" id="8922dc8f-1e09-730b-e9e6-e8476dc71a3b">
      <Execution id="438b8c47-73ca-4747-ad81-0dda8a5e7f38" />
      <TestMethod codeBase="C:\Users\User\AppData\Local\Temp\equipment-comparison-qa-4d808af120ed4b76891ee56fee8ddab5\tests\ToilRelic.Tests\bin\Debug\net8.0\ToilRelic.Tests.dll" adapterTypeName="executor://xunit/VsTestRunner2/netcoreapp" className="ToilRelic.Tests.GameSaveUxTests" name="Run_EmptyJsonObject_DiagnosesWithoutOfferingContinue" />
    </UnitTest>
    <UnitTest name="ToilRelic.Tests.EquipmentComparisonTests.UnequipCases_MatchCanonicalFixtureWithoutMutatingPlayer" storage="c:\users\user\appdata\local\temp\equipment-comparison-qa-4d808af120ed4b76891ee56fee8ddab5\tests\toilrelic.tests\bin\debug\net8.0\toilrelic.tests.dll" id="5931ac79-7e67-7506-c3f1-1a0ed44fd4c3">
      <Execution id="c9bd0f83-06ad-4e06-8d2a-d2e4ffdddbb9" />
      <TestMethod codeBase="C:\Users\User\AppData\Local\Temp\equipment-comparison-qa-4d808af120ed4b76891ee56fee8ddab5\tests\ToilRelic.Tests\bin\Debug\net8.0\ToilRelic.Tests.dll" adapterTypeName="executor://xunit/VsTestRunner2/netcoreapp" className="ToilRelic.Tests.EquipmentComparisonTests" name="UnequipCases_MatchCanonicalFixtureWithoutMutatingPlayer" />
    </UnitTest>
    <UnitTest name="ToilRelic.Tests.SaveSystemTests.Delete_DirectoryPath_ReturnsFailureWithoutRemovingDirectory" storage="c:\users\user\appdata\local\temp\equipment-comparison-qa-4d808af120ed4b76891ee56fee8ddab5\tests\toilrelic.tests\bin\debug\net8.0\toilrelic.tests.dll" id="dcafc412-9f45-adda-e3ed-1e72bac90faa">
      <Execution id="f8fcc447-52c2-44a4-a58e-5c50c0b3f553" />
      <TestMethod codeBase="C:\Users\User\AppData\Local\Temp\equipment-comparison-qa-4d808af120ed4b76891ee56fee8ddab5\tests\ToilRelic.Tests\bin\Debug\net8.0\ToilRelic.Tests.dll" adapterTypeName="executor://xunit/VsTestRunner2/netcoreapp" className="ToilRelic.Tests.SaveSystemTests" name="Delete_DirectoryPath_ReturnsFailureWithoutRemovingDirectory" />
    </UnitTest>
    <UnitTest name="ToilRelic.Tests.GameSaveUxTests.Run_ExperienceAtLevelThreshold_DiagnosesWithoutOfferingContinueOrChangingBytes" storage="c:\users\user\appdata\local\temp\equipment-comparison-qa-4d808af120ed4b76891ee56fee8ddab5\tests\toilrelic.tests\bin\debug\net8.0\toilrelic.tests.dll" id="46f35d1c-9b8b-f80c-a5a6-6dfd6d2c155c">
      <Execution id="999ed62d-ef95-4b8a-850a-4abdb55de5c1" />
      <TestMethod codeBase="C:\Users\User\AppData\Local\Temp\equipment-comparison-qa-4d808af120ed4b76891ee56fee8ddab5\tests\ToilRelic.Tests\bin\Debug\net8.0\ToilRelic.Tests.dll" adapterTypeName="executor://xunit/VsTestRunner2/netcoreapp" className="ToilRelic.Tests.GameSaveUxTests" name="Run_ExperienceAtLevelThreshold_DiagnosesWithoutOfferingContinueOrChangingBytes" />
    </UnitTest>
    <UnitTest name="ToilRelic.Tests.GameEquipmentUxTests.Run_SameItemAndMandatoryUnequip_DoNotChangeSaveBytes" storage="c:\users\user\appdata\local\temp\equipment-comparison-qa-4d808af120ed4b76891ee56fee8ddab5\tests\toilrelic.tests\bin\debug\net8.0\toilrelic.tests.dll" id="2b1518a9-af8f-c307-7d25-699a675c66c2">
      <Execution id="27593132-ee49-48db-81b2-fe84adfcaa49" />
      <TestMethod codeBase="C:\Users\User\AppData\Local\Temp\equipment-comparison-qa-4d808af120ed4b76891ee56fee8ddab5\tests\ToilRelic.Tests\bin\Debug\net8.0\ToilRelic.Tests.dll" adapterTypeName="executor://xunit/VsTestRunner2/netcoreapp" className="ToilRelic.Tests.GameEquipmentUxTests" name="Run_SameItemAndMandatoryUnequip_DoNotChangeSaveBytes" />
    </UnitTest>
    <UnitTest name="ToilRelic.Tests.GameSaveUxTests.Run_UnreadableSave_DiagnosesWithoutMutationBeforeSelection" storage="c:\users\user\appdata\local\temp\equipment-comparison-qa-4d808af120ed4b76891ee56fee8ddab5\tests\toilrelic.tests\bin\debug\net8.0\toilrelic.tests.dll" id="469e99ca-02e3-c69b-eed4-315f41a68943">
      <Execution id="907c4d4f-3a83-4d2a-b13d-5f163943586c" />
      <TestMethod codeBase="C:\Users\User\AppData\Local\Temp\equipment-comparison-qa-4d808af120ed4b76891ee56fee8ddab5\tests\ToilRelic.Tests\bin\Debug\net8.0\ToilRelic.Tests.dll" adapterTypeName="executor://xunit/VsTestRunner2/netcoreapp" className="ToilRelic.Tests.GameSaveUxTests" name="Run_UnreadableSave_DiagnosesWithoutMutationBeforeSelection" />
    </UnitTest>
    <UnitTest name="ToilRelic.Tests.SaveSystemTests.Load_RequiredCoreFieldWithWrongKind_ReturnsUnreadableWithoutChangingBytes(fieldName: &quot;TreasureCount&quot;, replacementJson: &quot;\&quot;0\&quot;&quot;)" storage="c:\users\user\appdata\local\temp\equipment-comparison-qa-4d808af120ed4b76891ee56fee8ddab5\tests\toilrelic.tests\bin\debug\net8.0\toilrelic.tests.dll" id="81e0ba78-da48-8718-c853-50dbcd262972">
      <Execution id="9477e834-c09a-4699-b0d8-ebfd5ddff651" />
      <TestMethod codeBase="C:\Users\User\AppData\Local\Temp\equipment-comparison-qa-4d808af120ed4b76891ee56fee8ddab5\tests\ToilRelic.Tests\bin\Debug\net8.0\ToilRelic.Tests.dll" adapterTypeName="executor://xunit/VsTestRunner2/netcoreapp" className="ToilRelic.Tests.SaveSystemTests" name="Load_RequiredCoreFieldWithWrongKind_ReturnsUnreadableWithoutChangingBytes" />
    </UnitTest>
    <UnitTest name="ToilRelic.Tests.SaveSystemTests.Load_ImpossibleCoreValue_ReturnsUnreadableWithoutChangingBytes(invalidCase: HpAboveMaxHp)" storage="c:\users\user\appdata\local\temp\equipment-comparison-qa-4d808af120ed4b76891ee56fee8ddab5\tests\toilrelic.tests\bin\debug\net8.0\toilrelic.tests.dll" id="5e00eb23-a91c-771d-fc55-6516dc05c5a5">
      <Execution id="992e3f8b-d68b-4660-b720-ea9d44d3c691" />
      <TestMethod codeBase="C:\Users\User\AppData\Local\Temp\equipment-comparison-qa-4d808af120ed4b76891ee56fee8ddab5\tests\ToilRelic.Tests\bin\Debug\net8.0\ToilRelic.Tests.dll" adapterTypeName="executor://xunit/VsTestRunner2/netcoreapp" className="ToilRelic.Tests.SaveSystemTests" name="Load_ImpossibleCoreValue_ReturnsUnreadableWithoutChangingBytes" />
    </UnitTest>
    <UnitTest name="ToilRelic.Tests.SaveSystemTests.Load_ImpossibleCoreValue_ReturnsUnreadableWithoutChangingBytes(invalidCase: NegativeHp)" storage="c:\users\user\appdata\local\temp\equipment-comparison-qa-4d808af120ed4b76891ee56fee8ddab5\tests\toilrelic.tests\bin\debug\net8.0\toilrelic.tests.dll" id="284bae40-4d44-2ec7-48d1-403de349a9be">
      <Execution id="15cbd4f8-02db-4652-bc79-1c41b6b4381c" />
      <TestMethod codeBase="C:\Users\User\AppData\Local\Temp\equipment-comparison-qa-4d808af120ed4b76891ee56fee8ddab5\tests\ToilRelic.Tests\bin\Debug\net8.0\ToilRelic.Tests.dll" adapterTypeName="executor://xunit/VsTestRunner2/netcoreapp" className="ToilRelic.Tests.SaveSystemTests" name="Load_ImpossibleCoreValue_ReturnsUnreadableWithoutChangingBytes" />
    </UnitTest>
    <UnitTest name="ToilRelic.Tests.SaveSystemTests.Delete_MissingAndExistingPaths_ReturnSuccess" storage="c:\users\user\appdata\local\temp\equipment-comparison-qa-4d808af120ed4b76891ee56fee8ddab5\tests\toilrelic.tests\bin\debug\net8.0\toilrelic.tests.dll" id="8119fbe4-98c1-680c-0f86-6c8d94509b1b">
      <Execution id="21a2bfd1-1d00-4b2c-9831-d90a93a31c20" />
      <TestMethod codeBase="C:\Users\User\AppData\Local\Temp\equipment-comparison-qa-4d808af120ed4b76891ee56fee8ddab5\tests\ToilRelic.Tests\bin\Debug\net8.0\ToilRelic.Tests.dll" adapterTypeName="executor://xunit/VsTestRunner2/netcoreapp" className="ToilRelic.Tests.SaveSystemTests" name="Delete_MissingAndExistingPaths_ReturnSuccess" />
    </UnitTest>
    <UnitTest name="ToilRelic.Tests.SaveSystemTests.Load_MissingRequiredCoreField_ReturnsUnreadableWithoutChangingBytes(fieldName: &quot;Level&quot;)" storage="c:\users\user\appdata\local\temp\equipment-comparison-qa-4d808af120ed4b76891ee56fee8ddab5\tests\toilrelic.tests\bin\debug\net8.0\toilrelic.tests.dll" id="c100a3fe-7faf-e998-efbf-059ebc03514b">
      <Execution id="b64b08e3-76e5-4f40-994b-94ed59999aa9" />
      <TestMethod codeBase="C:\Users\User\AppData\Local\Temp\equipment-comparison-qa-4d808af120ed4b76891ee56fee8ddab5\tests\ToilRelic.Tests\bin\Debug\net8.0\ToilRelic.Tests.dll" adapterTypeName="executor://xunit/VsTestRunner2/netcoreapp" className="ToilRelic.Tests.SaveSystemTests" name="Load_MissingRequiredCoreField_ReturnsUnreadableWithoutChangingBytes" />
    </UnitTest>
    <UnitTest name="ToilRelic.Tests.SaveSystemTests.Load_MissingPath_ReturnsMissingWithoutPlayerOrDiagnostic" storage="c:\users\user\appdata\local\temp\equipment-comparison-qa-4d808af120ed4b76891ee56fee8ddab5\tests\toilrelic.tests\bin\debug\net8.0\toilrelic.tests.dll" id="0f11059d-0561-ce9c-3926-438dd42c3563">
      <Execution id="eb89711a-b762-410a-a76c-abd4da39b86e" />
      <TestMethod codeBase="C:\Users\User\AppData\Local\Temp\equipment-comparison-qa-4d808af120ed4b76891ee56fee8ddab5\tests\ToilRelic.Tests\bin\Debug\net8.0\ToilRelic.Tests.dll" adapterTypeName="executor://xunit/VsTestRunner2/netcoreapp" className="ToilRelic.Tests.SaveSystemTests" name="Load_MissingPath_ReturnsMissingWithoutPlayerOrDiagnostic" />
    </UnitTest>
    <UnitTest name="ToilRelic.Tests.SaveSystemTests.Load_LegacyFormatWithoutEquipmentFields_ReturnsLoaded" storage="c:\users\user\appdata\local\temp\equipment-comparison-qa-4d808af120ed4b76891ee56fee8ddab5\tests\toilrelic.tests\bin\debug\net8.0\toilrelic.tests.dll" id="3beb3490-9545-fd58-4fa6-f946a9de9080">
      <Execution id="922bccdd-c091-4748-bd15-8eb4920b87cc" />
      <TestMethod codeBase="C:\Users\User\AppData\Local\Temp\equipment-comparison-qa-4d808af120ed4b76891ee56fee8ddab5\tests\ToilRelic.Tests\bin\Debug\net8.0\ToilRelic.Tests.dll" adapterTypeName="executor://xunit/VsTestRunner2/netcoreapp" className="ToilRelic.Tests.SaveSystemTests" name="Load_LegacyFormatWithoutEquipmentFields_ReturnsLoaded" />
    </UnitTest>
    <UnitTest name="ToilRelic.Tests.GameEquipmentUxTests.Run_CandidateRemovedAfterPreview_IsRejectedWithoutSaving" storage="c:\users\user\appdata\local\temp\equipment-comparison-qa-4d808af120ed4b76891ee56fee8ddab5\tests\toilrelic.tests\bin\debug\net8.0\toilrelic.tests.dll" id="cd8bc023-3c4b-09fd-daae-ae26fed0a0f0">
      <Execution id="09bd5c72-905c-4d06-b041-444cdff47644" />
      <TestMethod codeBase="C:\Users\User\AppData\Local\Temp\equipment-comparison-qa-4d808af120ed4b76891ee56fee8ddab5\tests\ToilRelic.Tests\bin\Debug\net8.0\ToilRelic.Tests.dll" adapterTypeName="executor://xunit/VsTestRunner2/netcoreapp" className="ToilRelic.Tests.GameEquipmentUxTests" name="Run_CandidateRemovedAfterPreview_IsRejectedWithoutSaving" />
    </UnitTest>
    <UnitTest name="ToilRelic.Tests.GameSaveUxTests.Run_ReplacementFailure_RemainsOnTitleWithSafeCopy" storage="c:\users\user\appdata\local\temp\equipment-comparison-qa-4d808af120ed4b76891ee56fee8ddab5\tests\toilrelic.tests\bin\debug\net8.0\toilrelic.tests.dll" id="e38bba25-6bb7-8430-083d-6e870c201ad6">
      <Execution id="737eee36-5878-4ce2-8af5-338c08c603e0" />
      <TestMethod codeBase="C:\Users\User\AppData\Local\Temp\equipment-comparison-qa-4d808af120ed4b76891ee56fee8ddab5\tests\ToilRelic.Tests\bin\Debug\net8.0\ToilRelic.Tests.dll" adapterTypeName="executor://xunit/VsTestRunner2/netcoreapp" className="ToilRelic.Tests.GameSaveUxTests" name="Run_ReplacementFailure_RemainsOnTitleWithSafeCopy" />
    </UnitTest>
    <UnitTest name="ToilRelic.Tests.SaveSystemTests.Load_ImpossibleCoreValue_ReturnsUnreadableWithoutChangingBytes(invalidCase: NegativeExperience)" storage="c:\users\user\appdata\local\temp\equipment-comparison-qa-4d808af120ed4b76891ee56fee8ddab5\tests\toilrelic.tests\bin\debug\net8.0\toilrelic.tests.dll" id="4ab0c5fb-1d63-4069-6ba7-04c5bbbc472f">
      <Execution id="09b2758b-91de-4dd2-ae91-5ab99435a18a" />
      <TestMethod codeBase="C:\Users\User\AppData\Local\Temp\equipment-comparison-qa-4d808af120ed4b76891ee56fee8ddab5\tests\ToilRelic.Tests\bin\Debug\net8.0\ToilRelic.Tests.dll" adapterTypeName="executor://xunit/VsTestRunner2/netcoreapp" className="ToilRelic.Tests.SaveSystemTests" name="Load_ImpossibleCoreValue_ReturnsUnreadableWithoutChangingBytes" />
    </UnitTest>
    <UnitTest name="ToilRelic.Tests.GameSaveUxTests.Run_MissingSave_ShowsDiagnosisAndSavesBeforeQuit" storage="c:\users\user\appdata\local\temp\equipment-comparison-qa-4d808af120ed4b76891ee56fee8ddab5\tests\toilrelic.tests\bin\debug\net8.0\toilrelic.tests.dll" id="9fab5553-176d-af7b-14fc-430ea212da5c">
      <Execution id="8c3520ff-9172-4253-8a04-306e471607f4" />
      <TestMethod codeBase="C:\Users\User\AppData\Local\Temp\equipment-comparison-qa-4d808af120ed4b76891ee56fee8ddab5\tests\ToilRelic.Tests\bin\Debug\net8.0\ToilRelic.Tests.dll" adapterTypeName="executor://xunit/VsTestRunner2/netcoreapp" className="ToilRelic.Tests.GameSaveUxTests" name="Run_MissingSave_ShowsDiagnosisAndSavesBeforeQuit" />
    </UnitTest>
    <UnitTest name="ToilRelic.Tests.SaveSystemTests.Load_ImpossibleCoreValue_ReturnsUnreadableWithoutChangingBytes(invalidCase: NonPositiveMaxHp)" storage="c:\users\user\appdata\local\temp\equipment-comparison-qa-4d808af120ed4b76891ee56fee8ddab5\tests\toilrelic.tests\bin\debug\net8.0\toilrelic.tests.dll" id="3c8c0abf-5df1-873c-55dc-cf970c8c695b">
      <Execution id="9751883d-cf37-45fd-b9be-8b0fe294ebe6" />
      <TestMethod codeBase="C:\Users\User\AppData\Local\Temp\equipment-comparison-qa-4d808af120ed4b76891ee56fee8ddab5\tests\ToilRelic.Tests\bin\Debug\net8.0\ToilRelic.Tests.dll" adapterTypeName="executor://xunit/VsTestRunner2/netcoreapp" className="ToilRelic.Tests.SaveSystemTests" name="Load_ImpossibleCoreValue_ReturnsUnreadableWithoutChangingBytes" />
    </UnitTest>
    <UnitTest name="ToilRelic.Tests.GameSaveUxTests.Run_SaveFailureThenRecovery_PrintsFinalOutcomesAfterActions" storage="c:\users\user\appdata\local\temp\equipment-comparison-qa-4d808af120ed4b76891ee56fee8ddab5\tests\toilrelic.tests\bin\debug\net8.0\toilrelic.tests.dll" id="f80ff2f0-ba6a-b2d4-109b-d96e2beefdd5">
      <Execution id="00a9055f-7fec-46be-9c28-5bc73c7b5c45" />
      <TestMethod codeBase="C:\Users\User\AppData\Local\Temp\equipment-comparison-qa-4d808af120ed4b76891ee56fee8ddab5\tests\ToilRelic.Tests\bin\Debug\net8.0\ToilRelic.Tests.dll" adapterTypeName="executor://xunit/VsTestRunner2/netcoreapp" className="ToilRelic.Tests.GameSaveUxTests" name="Run_SaveFailureThenRecovery_PrintsFinalOutcomesAfterActions" />
    </UnitTest>
    <UnitTest name="ToilRelic.Tests.GameSaveUxTests.Run_ValidSave_OffersContinueAndUsesLoadedPlayer" storage="c:\users\user\appdata\local\temp\equipment-comparison-qa-4d808af120ed4b76891ee56fee8ddab5\tests\toilrelic.tests\bin\debug\net8.0\toilrelic.tests.dll" id="72576d8a-7292-829a-931b-ea32b49d0e63">
      <Execution id="d82bf1e6-1727-4aec-875d-3da3977adc71" />
      <TestMethod codeBase="C:\Users\User\AppData\Local\Temp\equipment-comparison-qa-4d808af120ed4b76891ee56fee8ddab5\tests\ToilRelic.Tests\bin\Debug\net8.0\ToilRelic.Tests.dll" adapterTypeName="executor://xunit/VsTestRunner2/netcoreapp" className="ToilRelic.Tests.GameSaveUxTests" name="Run_ValidSave_OffersContinueAndUsesLoadedPlayer" />
    </UnitTest>
    <UnitTest name="ToilRelic.Tests.SaveSystemTests.SaveThenLoad_CurrentFormat_PreservesRepresentativePlayerValues" storage="c:\users\user\appdata\local\temp\equipment-comparison-qa-4d808af120ed4b76891ee56fee8ddab5\tests\toilrelic.tests\bin\debug\net8.0\toilrelic.tests.dll" id="64329dfb-6680-6af5-18eb-c30c9673bd4c">
      <Execution id="9f2552c0-4aeb-4252-a30f-9a532c60f8c2" />
      <TestMethod codeBase="C:\Users\User\AppData\Local\Temp\equipment-comparison-qa-4d808af120ed4b76891ee56fee8ddab5\tests\ToilRelic.Tests\bin\Debug\net8.0\ToilRelic.Tests.dll" adapterTypeName="executor://xunit/VsTestRunner2/netcoreapp" className="ToilRelic.Tests.SaveSystemTests" name="SaveThenLoad_CurrentFormat_PreservesRepresentativePlayerValues" />
    </UnitTest>
    <UnitTest name="ToilRelic.Tests.GameEquipmentUxTests.Run_PreviewRewardThenCancel_LeavesSaveBytesUnchangedAndUnwindsStepwise" storage="c:\users\user\appdata\local\temp\equipment-comparison-qa-4d808af120ed4b76891ee56fee8ddab5\tests\toilrelic.tests\bin\debug\net8.0\toilrelic.tests.dll" id="dbcad6f8-39e0-efff-68ab-595c87660380">
      <Execution id="316db791-ca77-4c5c-8dce-4a2ff970829f" />
      <TestMethod codeBase="C:\Users\User\AppData\Local\Temp\equipment-comparison-qa-4d808af120ed4b76891ee56fee8ddab5\tests\ToilRelic.Tests\bin\Debug\net8.0\ToilRelic.Tests.dll" adapterTypeName="executor://xunit/VsTestRunner2/netcoreapp" className="ToilRelic.Tests.GameEquipmentUxTests" name="Run_PreviewRewardThenCancel_LeavesSaveBytesUnchangedAndUnwindsStepwise" />
    </UnitTest>
    <UnitTest name="ToilRelic.Tests.SaveSystemTests.Load_MissingRequiredCoreField_ReturnsUnreadableWithoutChangingBytes(fieldName: &quot;Experience&quot;)" storage="c:\users\user\appdata\local\temp\equipment-comparison-qa-4d808af120ed4b76891ee56fee8ddab5\tests\toilrelic.tests\bin\debug\net8.0\toilrelic.tests.dll" id="95722fa5-4a33-1b2a-eee8-81326c554a44">
      <Execution id="ad0f5b35-01c6-41d0-bff8-333f37b269bc" />
      <TestMethod codeBase="C:\Users\User\AppData\Local\Temp\equipment-comparison-qa-4d808af120ed4b76891ee56fee8ddab5\tests\ToilRelic.Tests\bin\Debug\net8.0\ToilRelic.Tests.dll" adapterTypeName="executor://xunit/VsTestRunner2/netcoreapp" className="ToilRelic.Tests.SaveSystemTests" name="Load_MissingRequiredCoreField_ReturnsUnreadableWithoutChangingBytes" />
    </UnitTest>
    <UnitTest name="ToilRelic.Tests.GameEquipmentUxTests.Run_ConfirmReward_RevalidatesSavesAndReloadsReplacement" storage="c:\users\user\appdata\local\temp\equipment-comparison-qa-4d808af120ed4b76891ee56fee8ddab5\tests\toilrelic.tests\bin\debug\net8.0\toilrelic.tests.dll" id="34075324-728b-eef4-72a4-2093adb9bba2">
      <Execution id="9e87a268-d26e-41de-807c-7b2333a1e752" />
      <TestMethod codeBase="C:\Users\User\AppData\Local\Temp\equipment-comparison-qa-4d808af120ed4b76891ee56fee8ddab5\tests\ToilRelic.Tests\bin\Debug\net8.0\ToilRelic.Tests.dll" adapterTypeName="executor://xunit/VsTestRunner2/netcoreapp" className="ToilRelic.Tests.GameEquipmentUxTests" name="Run_ConfirmReward_RevalidatesSavesAndReloadsReplacement" />
    </UnitTest>
    <UnitTest name="ToilRelic.Tests.SaveSystemTests.Load_EmptyJsonObject_ReturnsUnreadableWithoutChangingBytes" storage="c:\users\user\appdata\local\temp\equipment-comparison-qa-4d808af120ed4b76891ee56fee8ddab5\tests\toilrelic.tests\bin\debug\net8.0\toilrelic.tests.dll" id="f4f8bcce-debe-4571-99f2-36726262d655">
      <Execution id="b0eb7450-0eb6-4f56-8042-283c9eaa8de6" />
      <TestMethod codeBase="C:\Users\User\AppData\Local\Temp\equipment-comparison-qa-4d808af120ed4b76891ee56fee8ddab5\tests\ToilRelic.Tests\bin\Debug\net8.0\ToilRelic.Tests.dll" adapterTypeName="executor://xunit/VsTestRunner2/netcoreapp" className="ToilRelic.Tests.SaveSystemTests" name="Load_EmptyJsonObject_ReturnsUnreadableWithoutChangingBytes" />
    </UnitTest>
    <UnitTest name="ToilRelic.Tests.SaveSystemTests.Load_ImpossibleCoreValue_ReturnsUnreadableWithoutChangingBytes(invalidCase: NonPositiveLevel)" storage="c:\users\user\appdata\local\temp\equipment-comparison-qa-4d808af120ed4b76891ee56fee8ddab5\tests\toilrelic.tests\bin\debug\net8.0\toilrelic.tests.dll" id="f9504f1a-ae1a-0d9e-e379-90e5a479e254">
      <Execution id="8460e9d0-4ed5-4854-a093-74c4dcaa3caa" />
      <TestMethod codeBase="C:\Users\User\AppData\Local\Temp\equipment-comparison-qa-4d808af120ed4b76891ee56fee8ddab5\tests\ToilRelic.Tests\bin\Debug\net8.0\ToilRelic.Tests.dll" adapterTypeName="executor://xunit/VsTestRunner2/netcoreapp" className="ToilRelic.Tests.SaveSystemTests" name="Load_ImpossibleCoreValue_ReturnsUnreadableWithoutChangingBytes" />
    </UnitTest>
    <UnitTest name="ToilRelic.Tests.SaveSystemTests.Load_MissingRequiredCoreField_ReturnsUnreadableWithoutChangingBytes(fieldName: &quot;TreasureCount&quot;)" storage="c:\users\user\appdata\local\temp\equipment-comparison-qa-4d808af120ed4b76891ee56fee8ddab5\tests\toilrelic.tests\bin\debug\net8.0\toilrelic.tests.dll" id="bd6bd27a-d6bd-4295-4895-563595853a3f">
      <Execution id="aa9c6dd2-cef1-4c19-9947-c9625abba108" />
      <TestMethod codeBase="C:\Users\User\AppData\Local\Temp\equipment-comparison-qa-4d808af120ed4b76891ee56fee8ddab5\tests\ToilRelic.Tests\bin\Debug\net8.0\ToilRelic.Tests.dll" adapterTypeName="executor://xunit/VsTestRunner2/netcoreapp" className="ToilRelic.Tests.SaveSystemTests" name="Load_MissingRequiredCoreField_ReturnsUnreadableWithoutChangingBytes" />
    </UnitTest>
    <UnitTest name="ToilRelic.Tests.GameEquipmentUxTests.Run_PreviewStarterFromReward_ShowsNegativeAttackDeltaWithoutSaving" storage="c:\users\user\appdata\local\temp\equipment-comparison-qa-4d808af120ed4b76891ee56fee8ddab5\tests\toilrelic.tests\bin\debug\net8.0\toilrelic.tests.dll" id="7b500b68-953e-019e-fa23-ea3571631ffc">
      <Execution id="eab39947-17a1-4d61-9b12-6d26fa10900e" />
      <TestMethod codeBase="C:\Users\User\AppData\Local\Temp\equipment-comparison-qa-4d808af120ed4b76891ee56fee8ddab5\tests\ToilRelic.Tests\bin\Debug\net8.0\ToilRelic.Tests.dll" adapterTypeName="executor://xunit/VsTestRunner2/netcoreapp" className="ToilRelic.Tests.GameEquipmentUxTests" name="Run_PreviewStarterFromReward_ShowsNegativeAttackDeltaWithoutSaving" />
    </UnitTest>
    <UnitTest name="ToilRelic.Tests.SaveSystemTests.Load_MissingRequiredCoreField_ReturnsUnreadableWithoutChangingBytes(fieldName: &quot;Hp&quot;)" storage="c:\users\user\appdata\local\temp\equipment-comparison-qa-4d808af120ed4b76891ee56fee8ddab5\tests\toilrelic.tests\bin\debug\net8.0\toilrelic.tests.dll" id="5ddc163a-f961-87ec-a392-c07f500743c7">
      <Execution id="b1ef69d1-df6b-4660-a8e6-3a571b0cf6b2" />
      <TestMethod codeBase="C:\Users\User\AppData\Local\Temp\equipment-comparison-qa-4d808af120ed4b76891ee56fee8ddab5\tests\ToilRelic.Tests\bin\Debug\net8.0\ToilRelic.Tests.dll" adapterTypeName="executor://xunit/VsTestRunner2/netcoreapp" className="ToilRelic.Tests.SaveSystemTests" name="Load_MissingRequiredCoreField_ReturnsUnreadableWithoutChangingBytes" />
    </UnitTest>
    <UnitTest name="ToilRelic.Tests.SaveSystemTests.Save_BlockedParent_ReturnsFailureWithDeveloperDiagnostic" storage="c:\users\user\appdata\local\temp\equipment-comparison-qa-4d808af120ed4b76891ee56fee8ddab5\tests\toilrelic.tests\bin\debug\net8.0\toilrelic.tests.dll" id="b29f5b99-068e-bc54-825f-1718f8a76108">
      <Execution id="8274cb99-c0fb-4b7f-b46b-2bb28e1fcc40" />
      <TestMethod codeBase="C:\Users\User\AppData\Local\Temp\equipment-comparison-qa-4d808af120ed4b76891ee56fee8ddab5\tests\ToilRelic.Tests\bin\Debug\net8.0\ToilRelic.Tests.dll" adapterTypeName="executor://xunit/VsTestRunner2/netcoreapp" className="ToilRelic.Tests.SaveSystemTests" name="Save_BlockedParent_ReturnsFailureWithDeveloperDiagnostic" />
    </UnitTest>
    <UnitTest name="ToilRelic.Tests.SaveSystemTests.Load_RequiredCoreFieldWithWrongKind_ReturnsUnreadableWithoutChangingBytes(fieldName: &quot;Level&quot;, replacementJson: &quot;\&quot;2\&quot;&quot;)" storage="c:\users\user\appdata\local\temp\equipment-comparison-qa-4d808af120ed4b76891ee56fee8ddab5\tests\toilrelic.tests\bin\debug\net8.0\toilrelic.tests.dll" id="6811dffb-0b0f-9012-0bc0-c920516b6016">
      <Execution id="9fa83c15-f649-477c-ae47-e2dce9d113a3" />
      <TestMethod codeBase="C:\Users\User\AppData\Local\Temp\equipment-comparison-qa-4d808af120ed4b76891ee56fee8ddab5\tests\ToilRelic.Tests\bin\Debug\net8.0\ToilRelic.Tests.dll" adapterTypeName="executor://xunit/VsTestRunner2/netcoreapp" className="ToilRelic.Tests.SaveSystemTests" name="Load_RequiredCoreFieldWithWrongKind_ReturnsUnreadableWithoutChangingBytes" />
    </UnitTest>
    <UnitTest name="ToilRelic.Tests.SaveSystemTests.Load_MalformedJson_ReturnsUnreadableWithoutChangingBytes" storage="c:\users\user\appdata\local\temp\equipment-comparison-qa-4d808af120ed4b76891ee56fee8ddab5\tests\toilrelic.tests\bin\debug\net8.0\toilrelic.tests.dll" id="fdc46367-e306-adab-e1c2-77f578ae932f">
      <Execution id="c23b6bbf-5794-44c3-97f2-867d0e32cf00" />
      <TestMethod codeBase="C:\Users\User\AppData\Local\Temp\equipment-comparison-qa-4d808af120ed4b76891ee56fee8ddab5\tests\ToilRelic.Tests\bin\Debug\net8.0\ToilRelic.Tests.dll" adapterTypeName="executor://xunit/VsTestRunner2/netcoreapp" className="ToilRelic.Tests.SaveSystemTests" name="Load_MalformedJson_ReturnsUnreadableWithoutChangingBytes" />
    </UnitTest>
    <UnitTest name="ToilRelic.Tests.SaveSystemTests.Load_ImpossibleCoreValue_ReturnsUnreadableWithoutChangingBytes(invalidCase: ExperienceAtLevelThreshold)" storage="c:\users\user\appdata\local\temp\equipment-comparison-qa-4d808af120ed4b76891ee56fee8ddab5\tests\toilrelic.tests\bin\debug\net8.0\toilrelic.tests.dll" id="61053060-edae-24f9-fb86-67399672acb0">
      <Execution id="1be88a21-c5b4-41f2-b80e-6954fa1b03c3" />
      <TestMethod codeBase="C:\Users\User\AppData\Local\Temp\equipment-comparison-qa-4d808af120ed4b76891ee56fee8ddab5\tests\ToilRelic.Tests\bin\Debug\net8.0\ToilRelic.Tests.dll" adapterTypeName="executor://xunit/VsTestRunner2/netcoreapp" className="ToilRelic.Tests.SaveSystemTests" name="Load_ImpossibleCoreValue_ReturnsUnreadableWithoutChangingBytes" />
    </UnitTest>
    <UnitTest name="ToilRelic.Tests.SaveSystemTests.Load_ImpossibleCoreValue_ReturnsUnreadableWithoutChangingBytes(invalidCase: NegativeInventoryAmount)" storage="c:\users\user\appdata\local\temp\equipment-comparison-qa-4d808af120ed4b76891ee56fee8ddab5\tests\toilrelic.tests\bin\debug\net8.0\toilrelic.tests.dll" id="cd59e02a-e9e8-731b-68f4-1b318d0f4f85">
      <Execution id="9b27828f-2ce5-4a82-aeb9-67c2d84c23cb" />
      <TestMethod codeBase="C:\Users\User\AppData\Local\Temp\equipment-comparison-qa-4d808af120ed4b76891ee56fee8ddab5\tests\ToilRelic.Tests\bin\Debug\net8.0\ToilRelic.Tests.dll" adapterTypeName="executor://xunit/VsTestRunner2/netcoreapp" className="ToilRelic.Tests.SaveSystemTests" name="Load_ImpossibleCoreValue_ReturnsUnreadableWithoutChangingBytes" />
    </UnitTest>
    <UnitTest name="ToilRelic.Tests.SaveSystemTests.Load_MissingRequiredCoreField_ReturnsUnreadableWithoutChangingBytes(fieldName: &quot;MaxHp&quot;)" storage="c:\users\user\appdata\local\temp\equipment-comparison-qa-4d808af120ed4b76891ee56fee8ddab5\tests\toilrelic.tests\bin\debug\net8.0\toilrelic.tests.dll" id="8841b95c-86a5-63e2-807d-0a45342a90e3">
      <Execution id="4014f741-7d1c-4007-a62d-2492392fb3a7" />
      <TestMethod codeBase="C:\Users\User\AppData\Local\Temp\equipment-comparison-qa-4d808af120ed4b76891ee56fee8ddab5\tests\ToilRelic.Tests\bin\Debug\net8.0\ToilRelic.Tests.dll" adapterTypeName="executor://xunit/VsTestRunner2/netcoreapp" className="ToilRelic.Tests.SaveSystemTests" name="Load_MissingRequiredCoreField_ReturnsUnreadableWithoutChangingBytes" />
    </UnitTest>
    <UnitTest name="ToilRelic.Tests.SaveSystemTests.Load_RequiredCoreFieldWithWrongKind_ReturnsUnreadableWithoutChangingBytes(fieldName: &quot;Hp&quot;, replacementJson: &quot;\&quot;50\&quot;&quot;)" storage="c:\users\user\appdata\local\temp\equipment-comparison-qa-4d808af120ed4b76891ee56fee8ddab5\tests\toilrelic.tests\bin\debug\net8.0\toilrelic.tests.dll" id="44518b6d-96b8-d21d-c455-99ec04fa7bf9">
      <Execution id="08bafeed-a22d-479b-bdd2-bbc70e860fc7" />
      <TestMethod codeBase="C:\Users\User\AppData\Local\Temp\equipment-comparison-qa-4d808af120ed4b76891ee56fee8ddab5\tests\ToilRelic.Tests\bin\Debug\net8.0\ToilRelic.Tests.dll" adapterTypeName="executor://xunit/VsTestRunner2/netcoreapp" className="ToilRelic.Tests.SaveSystemTests" name="Load_RequiredCoreFieldWithWrongKind_ReturnsUnreadableWithoutChangingBytes" />
    </UnitTest>
    <UnitTest name="ToilRelic.Tests.SaveSystemTests.Load_ImpossibleCoreValue_ReturnsUnreadableWithoutChangingBytes(invalidCase: UndefinedItemType)" storage="c:\users\user\appdata\local\temp\equipment-comparison-qa-4d808af120ed4b76891ee56fee8ddab5\tests\toilrelic.tests\bin\debug\net8.0\toilrelic.tests.dll" id="49af8928-e070-7f08-1196-9c8e8bfe8299">
      <Execution id="b0bf9c54-f245-46c3-9111-31b93221c967" />
      <TestMethod codeBase="C:\Users\User\AppData\Local\Temp\equipment-comparison-qa-4d808af120ed4b76891ee56fee8ddab5\tests\ToilRelic.Tests\bin\Debug\net8.0\ToilRelic.Tests.dll" adapterTypeName="executor://xunit/VsTestRunner2/netcoreapp" className="ToilRelic.Tests.SaveSystemTests" name="Load_ImpossibleCoreValue_ReturnsUnreadableWithoutChangingBytes" />
    </UnitTest>
    <UnitTest name="ToilRelic.Tests.GameEquipmentUxTests.Run_EquipmentSaveFailure_KeepsMutationVisibleAndLeavesWarningAsFinalOutcome" storage="c:\users\user\appdata\local\temp\equipment-comparison-qa-4d808af120ed4b76891ee56fee8ddab5\tests\toilrelic.tests\bin\debug\net8.0\toilrelic.tests.dll" id="aa58b29e-0b8f-db38-32b9-971a83430296">
      <Execution id="8275f209-dec9-4f93-a9dd-9c6a34e896a2" />
      <TestMethod codeBase="C:\Users\User\AppData\Local\Temp\equipment-comparison-qa-4d808af120ed4b76891ee56fee8ddab5\tests\ToilRelic.Tests\bin\Debug\net8.0\ToilRelic.Tests.dll" adapterTypeName="executor://xunit/VsTestRunner2/netcoreapp" className="ToilRelic.Tests.GameEquipmentUxTests" name="Run_EquipmentSaveFailure_KeepsMutationVisibleAndLeavesWarningAsFinalOutcome" />
    </UnitTest>
    <UnitTest name="ToilRelic.Tests.GameEquipmentUxTests.Run_OptionalEquipment_EquipsAndUnequipsWithSuccessOnlySaves" storage="c:\users\user\appdata\local\temp\equipment-comparison-qa-4d808af120ed4b76891ee56fee8ddab5\tests\toilrelic.tests\bin\debug\net8.0\toilrelic.tests.dll" id="bdb8dc34-7097-c142-cc67-7b62857c1c7f">
      <Execution id="c6eaf720-57cd-45a7-b134-c8ac7ca3daf9" />
      <TestMethod codeBase="C:\Users\User\AppData\Local\Temp\equipment-comparison-qa-4d808af120ed4b76891ee56fee8ddab5\tests\ToilRelic.Tests\bin\Debug\net8.0\ToilRelic.Tests.dll" adapterTypeName="executor://xunit/VsTestRunner2/netcoreapp" className="ToilRelic.Tests.GameEquipmentUxTests" name="Run_OptionalEquipment_EquipsAndUnequipsWithSuccessOnlySaves" />
    </UnitTest>
    <UnitTest name="ToilRelic.Tests.SaveSystemTests.Save_CurrentFormat_KeepsExistingJsonShape" storage="c:\users\user\appdata\local\temp\equipment-comparison-qa-4d808af120ed4b76891ee56fee8ddab5\tests\toilrelic.tests\bin\debug\net8.0\toilrelic.tests.dll" id="6fdc1752-ffbc-65e7-1cbb-097f245a7fc2">
      <Execution id="7c918098-c335-4f74-b5b3-1da35261794c" />
      <TestMethod codeBase="C:\Users\User\AppData\Local\Temp\equipment-comparison-qa-4d808af120ed4b76891ee56fee8ddab5\tests\ToilRelic.Tests\bin\Debug\net8.0\ToilRelic.Tests.dll" adapterTypeName="executor://xunit/VsTestRunner2/netcoreapp" className="ToilRelic.Tests.SaveSystemTests" name="Save_CurrentFormat_KeepsExistingJsonShape" />
    </UnitTest>
    <UnitTest name="ToilRelic.Tests.GameEquipmentUxTests.Run_RingEquippedInRingOne_IsAbsentFromRingTwoCandidates" storage="c:\users\user\appdata\local\temp\equipment-comparison-qa-4d808af120ed4b76891ee56fee8ddab5\tests\toilrelic.tests\bin\debug\net8.0\toilrelic.tests.dll" id="a30f7259-c117-2f8f-197d-c1eec8a07450">
      <Execution id="3db6ce17-5942-42ed-9714-2625670b5e08" />
      <TestMethod codeBase="C:\Users\User\AppData\Local\Temp\equipment-comparison-qa-4d808af120ed4b76891ee56fee8ddab5\tests\ToilRelic.Tests\bin\Debug\net8.0\ToilRelic.Tests.dll" adapterTypeName="executor://xunit/VsTestRunner2/netcoreapp" className="ToilRelic.Tests.GameEquipmentUxTests" name="Run_RingEquippedInRingOne_IsAbsentFromRingTwoCandidates" />
    </UnitTest>
    <UnitTest name="ToilRelic.Tests.SaveSystemTests.Load_ImpossibleCoreValue_ReturnsUnreadableWithoutChangingBytes(invalidCase: NegativeTreasureCount)" storage="c:\users\user\appdata\local\temp\equipment-comparison-qa-4d808af120ed4b76891ee56fee8ddab5\tests\toilrelic.tests\bin\debug\net8.0\toilrelic.tests.dll" id="f679faa0-da84-49c8-0a29-2d50e00d5b4d">
      <Execution id="85685be7-20b1-4ae5-b856-4d6384b2eec1" />
      <TestMethod codeBase="C:\Users\User\AppData\Local\Temp\equipment-comparison-qa-4d808af120ed4b76891ee56fee8ddab5\tests\ToilRelic.Tests\bin\Debug\net8.0\ToilRelic.Tests.dll" adapterTypeName="executor://xunit/VsTestRunner2/netcoreapp" className="ToilRelic.Tests.SaveSystemTests" name="Load_ImpossibleCoreValue_ReturnsUnreadableWithoutChangingBytes" />
    </UnitTest>
    <UnitTest name="ToilRelic.Tests.EquipmentComparisonTests.ComparisonCases_MatchCanonicalFixtureWithoutMutatingPlayer" storage="c:\users\user\appdata\local\temp\equipment-comparison-qa-4d808af120ed4b76891ee56fee8ddab5\tests\toilrelic.tests\bin\debug\net8.0\toilrelic.tests.dll" id="af88ef86-f44b-3644-c2ac-4661be8af071">
      <Execution id="2eaca29e-e85b-4ab3-abd4-01c10ff02313" />
      <TestMethod codeBase="C:\Users\User\AppData\Local\Temp\equipment-comparison-qa-4d808af120ed4b76891ee56fee8ddab5\tests\ToilRelic.Tests\bin\Debug\net8.0\ToilRelic.Tests.dll" adapterTypeName="executor://xunit/VsTestRunner2/netcoreapp" className="ToilRelic.Tests.EquipmentComparisonTests" name="ComparisonCases_MatchCanonicalFixtureWithoutMutatingPlayer" />
    </UnitTest>
    <UnitTest name="ToilRelic.Tests.SaveSystemTests.Load_LockedFile_ReturnsUnreadableWithoutChangingBytes" storage="c:\users\user\appdata\local\temp\equipment-comparison-qa-4d808af120ed4b76891ee56fee8ddab5\tests\toilrelic.tests\bin\debug\net8.0\toilrelic.tests.dll" id="bf6f5821-b844-c839-3b6a-f39b1f581df1">
      <Execution id="a3bb1967-8168-4520-bd37-c01ed2cd7534" />
      <TestMethod codeBase="C:\Users\User\AppData\Local\Temp\equipment-comparison-qa-4d808af120ed4b76891ee56fee8ddab5\tests\ToilRelic.Tests\bin\Debug\net8.0\ToilRelic.Tests.dll" adapterTypeName="executor://xunit/VsTestRunner2/netcoreapp" className="ToilRelic.Tests.SaveSystemTests" name="Load_LockedFile_ReturnsUnreadableWithoutChangingBytes" />
    </UnitTest>
    <UnitTest name="ToilRelic.Tests.SaveSystemTests.Load_MissingRequiredCoreField_ReturnsUnreadableWithoutChangingBytes(fieldName: &quot;Inventory&quot;)" storage="c:\users\user\appdata\local\temp\equipment-comparison-qa-4d808af120ed4b76891ee56fee8ddab5\tests\toilrelic.tests\bin\debug\net8.0\toilrelic.tests.dll" id="e0f0d762-5f40-8624-e70e-ba43f75f5fda">
      <Execution id="3c1d3071-9996-418e-8f68-db460cc30135" />
      <TestMethod codeBase="C:\Users\User\AppData\Local\Temp\equipment-comparison-qa-4d808af120ed4b76891ee56fee8ddab5\tests\ToilRelic.Tests\bin\Debug\net8.0\ToilRelic.Tests.dll" adapterTypeName="executor://xunit/VsTestRunner2/netcoreapp" className="ToilRelic.Tests.SaveSystemTests" name="Load_MissingRequiredCoreField_ReturnsUnreadableWithoutChangingBytes" />
    </UnitTest>
  </TestDefinitions>
  <TestEntries>
    <TestEntry testId="5931ac79-7e67-7506-c3f1-1a0ed44fd4c3" executionId="c9bd0f83-06ad-4e06-8d2a-d2e4ffdddbb9" testListId="8c84fa94-04c1-424b-9868-57a2d4851a1d" />
    <TestEntry testId="bd6bd27a-d6bd-4295-4895-563595853a3f" executionId="aa9c6dd2-cef1-4c19-9947-c9625abba108" testListId="8c84fa94-04c1-424b-9868-57a2d4851a1d" />
    <TestEntry testId="4ab0c5fb-1d63-4069-6ba7-04c5bbbc472f" executionId="09b2758b-91de-4dd2-ae91-5ab99435a18a" testListId="8c84fa94-04c1-424b-9868-57a2d4851a1d" />
    <TestEntry testId="64329dfb-6680-6af5-18eb-c30c9673bd4c" executionId="9f2552c0-4aeb-4252-a30f-9a532c60f8c2" testListId="8c84fa94-04c1-424b-9868-57a2d4851a1d" />
    <TestEntry testId="b29f5b99-068e-bc54-825f-1718f8a76108" executionId="8274cb99-c0fb-4b7f-b46b-2bb28e1fcc40" testListId="8c84fa94-04c1-424b-9868-57a2d4851a1d" />
    <TestEntry testId="0f11059d-0561-ce9c-3926-438dd42c3563" executionId="eb89711a-b762-410a-a76c-abd4da39b86e" testListId="8c84fa94-04c1-424b-9868-57a2d4851a1d" />
    <TestEntry testId="f679faa0-da84-49c8-0a29-2d50e00d5b4d" executionId="85685be7-20b1-4ae5-b856-4d6384b2eec1" testListId="8c84fa94-04c1-424b-9868-57a2d4851a1d" />
    <TestEntry testId="5ddc163a-f961-87ec-a392-c07f500743c7" executionId="b1ef69d1-df6b-4660-a8e6-3a571b0cf6b2" testListId="8c84fa94-04c1-424b-9868-57a2d4851a1d" />
    <TestEntry testId="3beb3490-9545-fd58-4fa6-f946a9de9080" executionId="922bccdd-c091-4748-bd15-8eb4920b87cc" testListId="8c84fa94-04c1-424b-9868-57a2d4851a1d" />
    <TestEntry testId="3459f12f-2686-fe08-228d-74690997360c" executionId="5d67625a-489a-465f-b20e-a2092fb9e192" testListId="8c84fa94-04c1-424b-9868-57a2d4851a1d" />
    <TestEntry testId="5e00eb23-a91c-771d-fc55-6516dc05c5a5" executionId="992e3f8b-d68b-4660-b720-ea9d44d3c691" testListId="8c84fa94-04c1-424b-9868-57a2d4851a1d" />
    <TestEntry testId="f1d26cc5-52bf-60c1-4df9-a5d393ebfc6c" executionId="9e43357e-2ea4-4b73-9834-e6d3714e5180" testListId="8c84fa94-04c1-424b-9868-57a2d4851a1d" />
    <TestEntry testId="9fab5553-176d-af7b-14fc-430ea212da5c" executionId="8c3520ff-9172-4253-8a04-306e471607f4" testListId="8c84fa94-04c1-424b-9868-57a2d4851a1d" />
    <TestEntry testId="3c8c0abf-5df1-873c-55dc-cf970c8c695b" executionId="9751883d-cf37-45fd-b9be-8b0fe294ebe6" testListId="8c84fa94-04c1-424b-9868-57a2d4851a1d" />
    <TestEntry testId="dbcad6f8-39e0-efff-68ab-595c87660380" executionId="316db791-ca77-4c5c-8dce-4a2ff970829f" testListId="8c84fa94-04c1-424b-9868-57a2d4851a1d" />
    <TestEntry testId="cd59e02a-e9e8-731b-68f4-1b318d0f4f85" executionId="9b27828f-2ce5-4a82-aeb9-67c2d84c23cb" testListId="8c84fa94-04c1-424b-9868-57a2d4851a1d" />
    <TestEntry testId="af88ef86-f44b-3644-c2ac-4661be8af071" executionId="2eaca29e-e85b-4ab3-abd4-01c10ff02313" testListId="8c84fa94-04c1-424b-9868-57a2d4851a1d" />
    <TestEntry testId="7b500b68-953e-019e-fa23-ea3571631ffc" executionId="eab39947-17a1-4d61-9b12-6d26fa10900e" testListId="8c84fa94-04c1-424b-9868-57a2d4851a1d" />
    <TestEntry testId="469e99ca-02e3-c69b-eed4-315f41a68943" executionId="907c4d4f-3a83-4d2a-b13d-5f163943586c" testListId="8c84fa94-04c1-424b-9868-57a2d4851a1d" />
    <TestEntry testId="8922dc8f-1e09-730b-e9e6-e8476dc71a3b" executionId="438b8c47-73ca-4747-ad81-0dda8a5e7f38" testListId="8c84fa94-04c1-424b-9868-57a2d4851a1d" />
    <TestEntry testId="bdb8dc34-7097-c142-cc67-7b62857c1c7f" executionId="c6eaf720-57cd-45a7-b134-c8ac7ca3daf9" testListId="8c84fa94-04c1-424b-9868-57a2d4851a1d" />
    <TestEntry testId="61053060-edae-24f9-fb86-67399672acb0" executionId="1be88a21-c5b4-41f2-b80e-6954fa1b03c3" testListId="8c84fa94-04c1-424b-9868-57a2d4851a1d" />
    <TestEntry testId="e38bba25-6bb7-8430-083d-6e870c201ad6" executionId="737eee36-5878-4ce2-8af5-338c08c603e0" testListId="8c84fa94-04c1-424b-9868-57a2d4851a1d" />
    <TestEntry testId="f9504f1a-ae1a-0d9e-e379-90e5a479e254" executionId="8460e9d0-4ed5-4854-a093-74c4dcaa3caa" testListId="8c84fa94-04c1-424b-9868-57a2d4851a1d" />
    <TestEntry testId="bf6f5821-b844-c839-3b6a-f39b1f581df1" executionId="a3bb1967-8168-4520-bd37-c01ed2cd7534" testListId="8c84fa94-04c1-424b-9868-57a2d4851a1d" />
    <TestEntry testId="284bae40-4d44-2ec7-48d1-403de349a9be" executionId="15cbd4f8-02db-4652-bc79-1c41b6b4381c" testListId="8c84fa94-04c1-424b-9868-57a2d4851a1d" />
    <TestEntry testId="81e0ba78-da48-8718-c853-50dbcd262972" executionId="9477e834-c09a-4699-b0d8-ebfd5ddff651" testListId="8c84fa94-04c1-424b-9868-57a2d4851a1d" />
    <TestEntry testId="8841b95c-86a5-63e2-807d-0a45342a90e3" executionId="4014f741-7d1c-4007-a62d-2492392fb3a7" testListId="8c84fa94-04c1-424b-9868-57a2d4851a1d" />
    <TestEntry testId="72576d8a-7292-829a-931b-ea32b49d0e63" executionId="d82bf1e6-1727-4aec-875d-3da3977adc71" testListId="8c84fa94-04c1-424b-9868-57a2d4851a1d" />
    <TestEntry testId="34075324-728b-eef4-72a4-2093adb9bba2" executionId="9e87a268-d26e-41de-807c-7b2333a1e752" testListId="8c84fa94-04c1-424b-9868-57a2d4851a1d" />
    <TestEntry testId="e0f0d762-5f40-8624-e70e-ba43f75f5fda" executionId="3c1d3071-9996-418e-8f68-db460cc30135" testListId="8c84fa94-04c1-424b-9868-57a2d4851a1d" />
    <TestEntry testId="6811dffb-0b0f-9012-0bc0-c920516b6016" executionId="9fa83c15-f649-477c-ae47-e2dce9d113a3" testListId="8c84fa94-04c1-424b-9868-57a2d4851a1d" />
    <TestEntry testId="6fdc1752-ffbc-65e7-1cbb-097f245a7fc2" executionId="7c918098-c335-4f74-b5b3-1da35261794c" testListId="8c84fa94-04c1-424b-9868-57a2d4851a1d" />
    <TestEntry testId="1f88d99a-7697-01b8-9ed5-2ed599518017" executionId="dc51e756-8239-4ef4-bf89-a18f2cf86f97" testListId="8c84fa94-04c1-424b-9868-57a2d4851a1d" />
    <TestEntry testId="f80ff2f0-ba6a-b2d4-109b-d96e2beefdd5" executionId="00a9055f-7fec-46be-9c28-5bc73c7b5c45" testListId="8c84fa94-04c1-424b-9868-57a2d4851a1d" />
    <TestEntry testId="c100a3fe-7faf-e998-efbf-059ebc03514b" executionId="b64b08e3-76e5-4f40-994b-94ed59999aa9" testListId="8c84fa94-04c1-424b-9868-57a2d4851a1d" />
    <TestEntry testId="2b1518a9-af8f-c307-7d25-699a675c66c2" executionId="27593132-ee49-48db-81b2-fe84adfcaa49" testListId="8c84fa94-04c1-424b-9868-57a2d4851a1d" />
    <TestEntry testId="dcafc412-9f45-adda-e3ed-1e72bac90faa" executionId="f8fcc447-52c2-44a4-a58e-5c50c0b3f553" testListId="8c84fa94-04c1-424b-9868-57a2d4851a1d" />
    <TestEntry testId="2acbbf53-5d00-6bae-d992-426f665c8ac2" executionId="d783d99f-441d-4f5e-93c3-e2e358c03890" testListId="8c84fa94-04c1-424b-9868-57a2d4851a1d" />
    <TestEntry testId="cd810a1d-5faf-4113-9c37-3aa214fbcd6a" executionId="eea2f359-838b-48d9-b47f-6eb74907ec40" testListId="8c84fa94-04c1-424b-9868-57a2d4851a1d" />
    <TestEntry testId="46f35d1c-9b8b-f80c-a5a6-6dfd6d2c155c" executionId="999ed62d-ef95-4b8a-850a-4abdb55de5c1" testListId="8c84fa94-04c1-424b-9868-57a2d4851a1d" />
    <TestEntry testId="95722fa5-4a33-1b2a-eee8-81326c554a44" executionId="ad0f5b35-01c6-41d0-bff8-333f37b269bc" testListId="8c84fa94-04c1-424b-9868-57a2d4851a1d" />
    <TestEntry testId="a30f7259-c117-2f8f-197d-c1eec8a07450" executionId="3db6ce17-5942-42ed-9714-2625670b5e08" testListId="8c84fa94-04c1-424b-9868-57a2d4851a1d" />
    <TestEntry testId="fdc46367-e306-adab-e1c2-77f578ae932f" executionId="c23b6bbf-5794-44c3-97f2-867d0e32cf00" testListId="8c84fa94-04c1-424b-9868-57a2d4851a1d" />
    <TestEntry testId="aa58b29e-0b8f-db38-32b9-971a83430296" executionId="8275f209-dec9-4f93-a9dd-9c6a34e896a2" testListId="8c84fa94-04c1-424b-9868-57a2d4851a1d" />
    <TestEntry testId="f4f8bcce-debe-4571-99f2-36726262d655" executionId="b0eb7450-0eb6-4f56-8042-283c9eaa8de6" testListId="8c84fa94-04c1-424b-9868-57a2d4851a1d" />
    <TestEntry testId="49af8928-e070-7f08-1196-9c8e8bfe8299" executionId="b0bf9c54-f245-46c3-9111-31b93221c967" testListId="8c84fa94-04c1-424b-9868-57a2d4851a1d" />
    <TestEntry testId="8119fbe4-98c1-680c-0f86-6c8d94509b1b" executionId="21a2bfd1-1d00-4b2c-9831-d90a93a31c20" testListId="8c84fa94-04c1-424b-9868-57a2d4851a1d" />
    <TestEntry testId="d5f38515-f76b-5fbd-7ed6-9fcdc41402d1" executionId="eadd4947-5db2-4982-a06e-5b009abca80c" testListId="8c84fa94-04c1-424b-9868-57a2d4851a1d" />
    <TestEntry testId="cd8bc023-3c4b-09fd-daae-ae26fed0a0f0" executionId="09bd5c72-905c-4d06-b041-444cdff47644" testListId="8c84fa94-04c1-424b-9868-57a2d4851a1d" />
    <TestEntry testId="44518b6d-96b8-d21d-c455-99ec04fa7bf9" executionId="08bafeed-a22d-479b-bdd2-bbc70e860fc7" testListId="8c84fa94-04c1-424b-9868-57a2d4851a1d" />
  </TestEntries>
  <TestLists>
    <TestList name="목록에 없는 결과" id="8c84fa94-04c1-424b-9868-57a2d4851a1d" />
    <TestList name="로드된 모든 결과" id="19431567-8539-422a-85d7-44ee4e166bda" />
  </TestLists>
  <ResultSummary outcome="Completed">
    <Counters total="51" executed="51" passed="51" failed="0" error="0" timeout="0" aborted="0" inconclusive="0" passedButRunAborted="0" notRunnable="0" notExecuted="0" disconnected="0" warning="0" completed="0" inProgress="0" pending="0" />
    <Output>
      <StdOut>[xUnit.net 00:00:00.00] xUnit.net VSTest Adapter v2.5.3.1+6b60a9e56a (64-bit .NET 8.0.29)&#xD;
[xUnit.net 00:00:00.10]   Discovering: ToilRelic.Tests&#xD;
[xUnit.net 00:00:00.18]   Discovered:  ToilRelic.Tests&#xD;
[xUnit.net 00:00:00.18]   Starting:    ToilRelic.Tests&#xD;
[xUnit.net 00:00:01.31]   Finished:    ToilRelic.Tests&#xD;
</StdOut>
    </Output>
  </ResultSummary>
</TestRun>