<?xml version="1.0" encoding="utf-8"?>
<TestRun id="0c734cb7-f021-429e-81b6-a59698994182" name="User@DOYOUNG 2026-07-23 13:34:27" runUser="DOYOUNG\User" xmlns="http://microsoft.com/schemas/VisualStudio/TeamTest/2010">
  <Times creation="2026-07-23T13:34:27.3096909+09:00" queuing="2026-07-23T13:34:27.3096914+09:00" start="2026-07-23T13:34:25.8093560+09:00" finish="2026-07-23T13:34:27.5761511+09:00" />
  <TestSettings name="default" id="0ea84cb7-c6a2-4b7c-8c8a-727c306cf130">
    <Deployment runDeploymentRoot="User_DOYOUNG_2026-07-23_13_34_27" />
  </TestSettings>
  <Results>
    <UnitTestResult executionId="3be33246-1d6b-414c-bd1a-f9a0f92e0974" testId="cd59e02a-e9e8-731b-68f4-1b318d0f4f85" testName="ToilRelic.Tests.SaveSystemTests.Load_ImpossibleCoreValue_ReturnsUnreadableWithoutChangingBytes(invalidCase: NegativeInventoryAmount)" computerName="DOYOUNG" duration="00:00:00.0073183" startTime="2026-07-23T13:34:27.2564224+09:00" endTime="2026-07-23T13:34:27.2564224+09:00" testType="13cdc9d9-ddb5-4fa4-a97d-d965ccfc6d4b" outcome="Passed" testListId="8c84fa94-04c1-424b-9868-57a2d4851a1d" relativeResultsDirectory="3be33246-1d6b-414c-bd1a-f9a0f92e0974" />
    <UnitTestResult executionId="ad30e093-a49b-4863-af52-802732c3a544" testId="bd6bd27a-d6bd-4295-4895-563595853a3f" testName="ToilRelic.Tests.SaveSystemTests.Load_MissingRequiredCoreField_ReturnsUnreadableWithoutChangingBytes(fieldName: &quot;TreasureCount&quot;)" computerName="DOYOUNG" duration="00:00:00.0058196" startTime="2026-07-23T13:34:27.3612642+09:00" endTime="2026-07-23T13:34:27.3612646+09:00" testType="13cdc9d9-ddb5-4fa4-a97d-d965ccfc6d4b" outcome="Passed" testListId="8c84fa94-04c1-424b-9868-57a2d4851a1d" relativeResultsDirectory="ad30e093-a49b-4863-af52-802732c3a544" />
    <UnitTestResult executionId="f9669a39-cdb9-4ab9-bf68-b93b424ade9d" testId="2acbbf53-5d00-6bae-d992-426f665c8ac2" testName="ToilRelic.Tests.SaveSystemTests.Load_RequiredCoreFieldWithWrongKind_ReturnsUnreadableWithoutChangingBytes(fieldName: &quot;Experience&quot;, replacementJson: &quot;\&quot;3\&quot;&quot;)" computerName="DOYOUNG" duration="00:00:00.0064041" startTime="2026-07-23T13:34:27.1445391+09:00" endTime="2026-07-23T13:34:27.1445396+09:00" testType="13cdc9d9-ddb5-4fa4-a97d-d965ccfc6d4b" outcome="Passed" testListId="8c84fa94-04c1-424b-9868-57a2d4851a1d" relativeResultsDirectory="f9669a39-cdb9-4ab9-bf68-b93b424ade9d" />
    <UnitTestResult executionId="97439269-7f1e-43c5-a625-8ab48bbe9e72" testId="6fdc1752-ffbc-65e7-1cbb-097f245a7fc2" testName="ToilRelic.Tests.SaveSystemTests.Save_CurrentFormat_KeepsExistingJsonShape" computerName="DOYOUNG" duration="00:00:00.0143753" startTime="2026-07-23T13:34:27.4200797+09:00" endTime="2026-07-23T13:34:27.4200802+09:00" testType="13cdc9d9-ddb5-4fa4-a97d-d965ccfc6d4b" outcome="Passed" testListId="8c84fa94-04c1-424b-9868-57a2d4851a1d" relativeResultsDirectory="97439269-7f1e-43c5-a625-8ab48bbe9e72" />
    <UnitTestResult executionId="ece305f6-a169-4e66-8c6b-e398874266e6" testId="fdc46367-e306-adab-e1c2-77f578ae932f" testName="ToilRelic.Tests.SaveSystemTests.Load_MalformedJson_ReturnsUnreadableWithoutChangingBytes" computerName="DOYOUNG" duration="00:00:00.0079438" startTime="2026-07-23T13:34:27.4054797+09:00" endTime="2026-07-23T13:34:27.4054802+09:00" testType="13cdc9d9-ddb5-4fa4-a97d-d965ccfc6d4b" outcome="Passed" testListId="8c84fa94-04c1-424b-9868-57a2d4851a1d" relativeResultsDirectory="ece305f6-a169-4e66-8c6b-e398874266e6" />
    <UnitTestResult executionId="9306732d-8d8d-407c-9d50-a15aebc26474" testId="dcafc412-9f45-adda-e3ed-1e72bac90faa" testName="ToilRelic.Tests.SaveSystemTests.Delete_DirectoryPath_ReturnsFailureWithoutRemovingDirectory" computerName="DOYOUNG" duration="00:00:00.0020387" startTime="2026-07-23T13:34:27.4260440+09:00" endTime="2026-07-23T13:34:27.4260446+09:00" testType="13cdc9d9-ddb5-4fa4-a97d-d965ccfc6d4b" outcome="Passed" testListId="8c84fa94-04c1-424b-9868-57a2d4851a1d" relativeResultsDirectory="9306732d-8d8d-407c-9d50-a15aebc26474" />
    <UnitTestResult executionId="a3e0424d-cc6c-4b8a-a7f3-85e567b6c70e" testId="61053060-edae-24f9-fb86-67399672acb0" testName="ToilRelic.Tests.SaveSystemTests.Load_ImpossibleCoreValue_ReturnsUnreadableWithoutChangingBytes(invalidCase: ExperienceAtLevelThreshold)" computerName="DOYOUNG" duration="00:00:00.0072030" startTime="2026-07-23T13:34:27.2587983+09:00" endTime="2026-07-23T13:34:27.2587989+09:00" testType="13cdc9d9-ddb5-4fa4-a97d-d965ccfc6d4b" outcome="Passed" testListId="8c84fa94-04c1-424b-9868-57a2d4851a1d" relativeResultsDirectory="a3e0424d-cc6c-4b8a-a7f3-85e567b6c70e" />
    <UnitTestResult executionId="d832ca21-3810-49bc-8e8e-2c20c9b15d8c" testId="95722fa5-4a33-1b2a-eee8-81326c554a44" testName="ToilRelic.Tests.SaveSystemTests.Load_MissingRequiredCoreField_ReturnsUnreadableWithoutChangingBytes(fieldName: &quot;Experience&quot;)" computerName="DOYOUNG" duration="00:00:00.0052858" startTime="2026-07-23T13:34:27.3798260+09:00" endTime="2026-07-23T13:34:27.3798266+09:00" testType="13cdc9d9-ddb5-4fa4-a97d-d965ccfc6d4b" outcome="Passed" testListId="8c84fa94-04c1-424b-9868-57a2d4851a1d" relativeResultsDirectory="d832ca21-3810-49bc-8e8e-2c20c9b15d8c" />
    <UnitTestResult executionId="3dd5030f-3ec1-4e5d-83b1-21cf480d7307" testId="1f88d99a-7697-01b8-9ed5-2ed599518017" testName="ToilRelic.Tests.SaveSystemTests.Load_RequiredCoreFieldWithWrongKind_ReturnsUnreadableWithoutChangingBytes(fieldName: &quot;Name&quot;, replacementJson: &quot;42&quot;)" computerName="DOYOUNG" duration="00:00:00.0172492" startTime="2026-07-23T13:34:27.1313973+09:00" endTime="2026-07-23T13:34:27.1313979+09:00" testType="13cdc9d9-ddb5-4fa4-a97d-d965ccfc6d4b" outcome="Passed" testListId="8c84fa94-04c1-424b-9868-57a2d4851a1d" relativeResultsDirectory="3dd5030f-3ec1-4e5d-83b1-21cf480d7307" />
    <UnitTestResult executionId="bd8db088-3437-4b64-ba0c-9d68ab73ea09" testId="44518b6d-96b8-d21d-c455-99ec04fa7bf9" testName="ToilRelic.Tests.SaveSystemTests.Load_RequiredCoreFieldWithWrongKind_ReturnsUnreadableWithoutChangingBytes(fieldName: &quot;Hp&quot;, replacementJson: &quot;\&quot;50\&quot;&quot;)" computerName="DOYOUNG" duration="00:00:00.0176388" startTime="2026-07-23T13:34:27.1044516+09:00" endTime="2026-07-23T13:34:27.1044520+09:00" testType="13cdc9d9-ddb5-4fa4-a97d-d965ccfc6d4b" outcome="Passed" testListId="8c84fa94-04c1-424b-9868-57a2d4851a1d" relativeResultsDirectory="bd8db088-3437-4b64-ba0c-9d68ab73ea09" />
    <UnitTestResult executionId="11dff6ce-10d8-4fe1-9f65-181a7d1d419b" testId="5e00eb23-a91c-771d-fc55-6516dc05c5a5" testName="ToilRelic.Tests.SaveSystemTests.Load_ImpossibleCoreValue_ReturnsUnreadableWithoutChangingBytes(invalidCase: HpAboveMaxHp)" computerName="DOYOUNG" duration="00:00:00.0079063" startTime="2026-07-23T13:34:27.2566886+09:00" endTime="2026-07-23T13:34:27.2566887+09:00" testType="13cdc9d9-ddb5-4fa4-a97d-d965ccfc6d4b" outcome="Passed" testListId="8c84fa94-04c1-424b-9868-57a2d4851a1d" relativeResultsDirectory="11dff6ce-10d8-4fe1-9f65-181a7d1d419b" />
    <UnitTestResult executionId="4d6b79fd-a4c5-4bd7-8a6b-c115b87f82cd" testId="e0f0d762-5f40-8624-e70e-ba43f75f5fda" testName="ToilRelic.Tests.SaveSystemTests.Load_MissingRequiredCoreField_ReturnsUnreadableWithoutChangingBytes(fieldName: &quot;Inventory&quot;)" computerName="DOYOUNG" duration="00:00:00.0132761" startTime="2026-07-23T13:34:27.3481972+09:00" endTime="2026-07-23T13:34:27.3481977+09:00" testType="13cdc9d9-ddb5-4fa4-a97d-d965ccfc6d4b" outcome="Passed" testListId="8c84fa94-04c1-424b-9868-57a2d4851a1d" relativeResultsDirectory="4d6b79fd-a4c5-4bd7-8a6b-c115b87f82cd" />
    <UnitTestResult executionId="5b6b9bd2-5f2c-437b-b589-a20143d13775" testId="8841b95c-86a5-63e2-807d-0a45342a90e3" testName="ToilRelic.Tests.SaveSystemTests.Load_MissingRequiredCoreField_ReturnsUnreadableWithoutChangingBytes(fieldName: &quot;MaxHp&quot;)" computerName="DOYOUNG" duration="00:00:00.0070031" startTime="2026-07-23T13:34:27.3553178+09:00" endTime="2026-07-23T13:34:27.3553183+09:00" testType="13cdc9d9-ddb5-4fa4-a97d-d965ccfc6d4b" outcome="Passed" testListId="8c84fa94-04c1-424b-9868-57a2d4851a1d" relativeResultsDirectory="5b6b9bd2-5f2c-437b-b589-a20143d13775" />
    <UnitTestResult executionId="dcc911be-6a42-4dff-a264-908657076fa0" testId="f9504f1a-ae1a-0d9e-e379-90e5a479e254" testName="ToilRelic.Tests.SaveSystemTests.Load_ImpossibleCoreValue_ReturnsUnreadableWithoutChangingBytes(invalidCase: NonPositiveLevel)" computerName="DOYOUNG" duration="00:00:00.0065449" startTime="2026-07-23T13:34:27.2874974+09:00" endTime="2026-07-23T13:34:27.2874980+09:00" testType="13cdc9d9-ddb5-4fa4-a97d-d965ccfc6d4b" outcome="Passed" testListId="8c84fa94-04c1-424b-9868-57a2d4851a1d" relativeResultsDirectory="dcc911be-6a42-4dff-a264-908657076fa0" />
    <UnitTestResult executionId="4a4718fe-97a0-4257-9c6d-22aee369d780" testId="5ddc163a-f961-87ec-a392-c07f500743c7" testName="ToilRelic.Tests.SaveSystemTests.Load_MissingRequiredCoreField_ReturnsUnreadableWithoutChangingBytes(fieldName: &quot;Hp&quot;)" computerName="DOYOUNG" duration="00:00:00.0046499" startTime="2026-07-23T13:34:27.3846239+09:00" endTime="2026-07-23T13:34:27.3846243+09:00" testType="13cdc9d9-ddb5-4fa4-a97d-d965ccfc6d4b" outcome="Passed" testListId="8c84fa94-04c1-424b-9868-57a2d4851a1d" relativeResultsDirectory="4a4718fe-97a0-4257-9c6d-22aee369d780" />
    <UnitTestResult executionId="11cae56f-e793-4b85-b03e-14ba85740bd7" testId="64329dfb-6680-6af5-18eb-c30c9673bd4c" testName="ToilRelic.Tests.SaveSystemTests.SaveThenLoad_CurrentFormat_PreservesRepresentativePlayerValues" computerName="DOYOUNG" duration="00:00:00.0643652" startTime="2026-07-23T13:34:27.2218656+09:00" endTime="2026-07-23T13:34:27.2218661+09:00" testType="13cdc9d9-ddb5-4fa4-a97d-d965ccfc6d4b" outcome="Passed" testListId="8c84fa94-04c1-424b-9868-57a2d4851a1d" relativeResultsDirectory="11cae56f-e793-4b85-b03e-14ba85740bd7" />
    <UnitTestResult executionId="acca01d8-c39a-41e1-80d6-0a967a3c4fef" testId="d5f38515-f76b-5fbd-7ed6-9fcdc41402d1" testName="ToilRelic.Tests.SaveSystemTests.Load_RequiredCoreFieldWithWrongKind_ReturnsUnreadableWithoutChangingBytes(fieldName: &quot;MaxHp&quot;, replacementJson: &quot;\&quot;100\&quot;&quot;)" computerName="DOYOUNG" duration="00:00:00.0054668" startTime="2026-07-23T13:34:27.1573691+09:00" endTime="2026-07-23T13:34:27.1573698+09:00" testType="13cdc9d9-ddb5-4fa4-a97d-d965ccfc6d4b" outcome="Passed" testListId="8c84fa94-04c1-424b-9868-57a2d4851a1d" relativeResultsDirectory="acca01d8-c39a-41e1-80d6-0a967a3c4fef" />
    <UnitTestResult executionId="105c3329-cd67-4957-8dba-9fa20108b5d8" testId="4ab0c5fb-1d63-4069-6ba7-04c5bbbc472f" testName="ToilRelic.Tests.SaveSystemTests.Load_ImpossibleCoreValue_ReturnsUnreadableWithoutChangingBytes(invalidCase: NegativeExperience)" computerName="DOYOUNG" duration="00:00:00.0076578" startTime="2026-07-23T13:34:27.2806036+09:00" endTime="2026-07-23T13:34:27.2806041+09:00" testType="13cdc9d9-ddb5-4fa4-a97d-d965ccfc6d4b" outcome="Passed" testListId="8c84fa94-04c1-424b-9868-57a2d4851a1d" relativeResultsDirectory="105c3329-cd67-4957-8dba-9fa20108b5d8" />
    <UnitTestResult executionId="2d69beb3-35c5-471c-b6b1-79f3d7236013" testId="e38bba25-6bb7-8430-083d-6e870c201ad6" testName="ToilRelic.Tests.GameSaveUxTests.Run_ReplacementFailure_RemainsOnTitleWithSafeCopy" computerName="DOYOUNG" duration="00:00:00.0084969" startTime="2026-07-23T13:34:27.4781549+09:00" endTime="2026-07-23T13:34:27.4781555+09:00" testType="13cdc9d9-ddb5-4fa4-a97d-d965ccfc6d4b" outcome="Passed" testListId="8c84fa94-04c1-424b-9868-57a2d4851a1d" relativeResultsDirectory="2d69beb3-35c5-471c-b6b1-79f3d7236013" />
    <UnitTestResult executionId="f247dc14-0443-45f4-9648-8f02483d1002" testId="3c8c0abf-5df1-873c-55dc-cf970c8c695b" testName="ToilRelic.Tests.SaveSystemTests.Load_ImpossibleCoreValue_ReturnsUnreadableWithoutChangingBytes(invalidCase: NonPositiveMaxHp)" computerName="DOYOUNG" duration="00:00:00.0075819" startTime="2026-07-23T13:34:27.2729717+09:00" endTime="2026-07-23T13:34:27.2729724+09:00" testType="13cdc9d9-ddb5-4fa4-a97d-d965ccfc6d4b" outcome="Passed" testListId="8c84fa94-04c1-424b-9868-57a2d4851a1d" relativeResultsDirectory="f247dc14-0443-45f4-9648-8f02483d1002" />
    <UnitTestResult executionId="53f47b16-8a39-4b01-b72c-755dd6ea8651" testId="81e0ba78-da48-8718-c853-50dbcd262972" testName="ToilRelic.Tests.SaveSystemTests.Load_RequiredCoreFieldWithWrongKind_ReturnsUnreadableWithoutChangingBytes(fieldName: &quot;TreasureCount&quot;, replacementJson: &quot;\&quot;0\&quot;&quot;)" computerName="DOYOUNG" duration="00:00:00.0094369" startTime="2026-07-23T13:34:27.1140395+09:00" endTime="2026-07-23T13:34:27.1140400+09:00" testType="13cdc9d9-ddb5-4fa4-a97d-d965ccfc6d4b" outcome="Passed" testListId="8c84fa94-04c1-424b-9868-57a2d4851a1d" relativeResultsDirectory="53f47b16-8a39-4b01-b72c-755dd6ea8651" />
    <UnitTestResult executionId="2bc40f69-050c-4e62-917e-b2bb7e7f53d1" testId="f679faa0-da84-49c8-0a29-2d50e00d5b4d" testName="ToilRelic.Tests.SaveSystemTests.Load_ImpossibleCoreValue_ReturnsUnreadableWithoutChangingBytes(invalidCase: NegativeTreasureCount)" computerName="DOYOUNG" duration="00:00:00.0060715" startTime="2026-07-23T13:34:27.2650220+09:00" endTime="2026-07-23T13:34:27.2650227+09:00" testType="13cdc9d9-ddb5-4fa4-a97d-d965ccfc6d4b" outcome="Passed" testListId="8c84fa94-04c1-424b-9868-57a2d4851a1d" relativeResultsDirectory="2bc40f69-050c-4e62-917e-b2bb7e7f53d1" />
    <UnitTestResult executionId="bd604343-8340-4ecf-96a5-5f87421d0278" testId="0f11059d-0561-ce9c-3926-438dd42c3563" testName="ToilRelic.Tests.SaveSystemTests.Load_MissingPath_ReturnsMissingWithoutPlayerOrDiagnostic" computerName="DOYOUNG" duration="00:00:00.3415192" startTime="2026-07-23T13:34:27.0873877+09:00" endTime="2026-07-23T13:34:27.0874005+09:00" testType="13cdc9d9-ddb5-4fa4-a97d-d965ccfc6d4b" outcome="Passed" testListId="8c84fa94-04c1-424b-9868-57a2d4851a1d" relativeResultsDirectory="bd604343-8340-4ecf-96a5-5f87421d0278" />
    <UnitTestResult executionId="b28d936b-f727-493b-afd7-d8330cbc3e9d" testId="cd810a1d-5faf-4113-9c37-3aa214fbcd6a" testName="ToilRelic.Tests.SaveSystemTests.Load_MissingRequiredCoreField_ReturnsUnreadableWithoutChangingBytes(fieldName: &quot;Name&quot;)" computerName="DOYOUNG" duration="00:00:00.0129604" startTime="2026-07-23T13:34:27.3744064+09:00" endTime="2026-07-23T13:34:27.3744069+09:00" testType="13cdc9d9-ddb5-4fa4-a97d-d965ccfc6d4b" outcome="Passed" testListId="8c84fa94-04c1-424b-9868-57a2d4851a1d" relativeResultsDirectory="b28d936b-f727-493b-afd7-d8330cbc3e9d" />
    <UnitTestResult executionId="faa1e5b7-d620-47f6-823c-14967dfc5514" testId="f1d26cc5-52bf-60c1-4df9-a5d393ebfc6c" testName="ToilRelic.Tests.SaveSystemTests.Load_RequiredCoreFieldWithWrongKind_ReturnsUnreadableWithoutChangingBytes(fieldName: &quot;Inventory&quot;, replacementJson: &quot;[]&quot;)" computerName="DOYOUNG" duration="00:00:00.0071224" startTime="2026-07-23T13:34:27.1517879+09:00" endTime="2026-07-23T13:34:27.1517884+09:00" testType="13cdc9d9-ddb5-4fa4-a97d-d965ccfc6d4b" outcome="Passed" testListId="8c84fa94-04c1-424b-9868-57a2d4851a1d" relativeResultsDirectory="faa1e5b7-d620-47f6-823c-14967dfc5514" />
    <UnitTestResult executionId="85089ff8-e88d-4641-9b13-6a7e49d23a37" testId="3beb3490-9545-fd58-4fa6-f946a9de9080" testName="ToilRelic.Tests.SaveSystemTests.Load_LegacyFormatWithoutEquipmentFields_ReturnsLoaded" computerName="DOYOUNG" duration="00:00:00.0084371" startTime="2026-07-23T13:34:27.2960388+09:00" endTime="2026-07-23T13:34:27.2960393+09:00" testType="13cdc9d9-ddb5-4fa4-a97d-d965ccfc6d4b" outcome="Passed" testListId="8c84fa94-04c1-424b-9868-57a2d4851a1d" relativeResultsDirectory="85089ff8-e88d-4641-9b13-6a7e49d23a37" />
    <UnitTestResult executionId="a1d12a0e-d649-46a1-8c4b-7e160135c52a" testId="49af8928-e070-7f08-1196-9c8e8bfe8299" testName="ToilRelic.Tests.SaveSystemTests.Load_ImpossibleCoreValue_ReturnsUnreadableWithoutChangingBytes(invalidCase: UndefinedItemType)" computerName="DOYOUNG" duration="00:00:00.0084529" startTime="2026-07-23T13:34:27.2567281+09:00" endTime="2026-07-23T13:34:27.2567282+09:00" testType="13cdc9d9-ddb5-4fa4-a97d-d965ccfc6d4b" outcome="Passed" testListId="8c84fa94-04c1-424b-9868-57a2d4851a1d" relativeResultsDirectory="a1d12a0e-d649-46a1-8c4b-7e160135c52a" />
    <UnitTestResult executionId="4957121e-e602-4f6b-8fab-18f40b69d8ff" testId="6811dffb-0b0f-9012-0bc0-c920516b6016" testName="ToilRelic.Tests.SaveSystemTests.Load_RequiredCoreFieldWithWrongKind_ReturnsUnreadableWithoutChangingBytes(fieldName: &quot;Level&quot;, replacementJson: &quot;\&quot;2\&quot;&quot;)" computerName="DOYOUNG" duration="00:00:00.0064646" startTime="2026-07-23T13:34:27.1379874+09:00" endTime="2026-07-23T13:34:27.1379880+09:00" testType="13cdc9d9-ddb5-4fa4-a97d-d965ccfc6d4b" outcome="Passed" testListId="8c84fa94-04c1-424b-9868-57a2d4851a1d" relativeResultsDirectory="4957121e-e602-4f6b-8fab-18f40b69d8ff" />
    <UnitTestResult executionId="d7ba0244-baca-4ac5-8f43-f52e855a6f71" testId="9fab5553-176d-af7b-14fc-430ea212da5c" testName="ToilRelic.Tests.GameSaveUxTests.Run_MissingSave_ShowsDiagnosisAndSavesBeforeQuit" computerName="DOYOUNG" duration="00:00:00.0044399" startTime="2026-07-23T13:34:27.5019101+09:00" endTime="2026-07-23T13:34:27.5019105+09:00" testType="13cdc9d9-ddb5-4fa4-a97d-d965ccfc6d4b" outcome="Passed" testListId="8c84fa94-04c1-424b-9868-57a2d4851a1d" relativeResultsDirectory="d7ba0244-baca-4ac5-8f43-f52e855a6f71" />
    <UnitTestResult executionId="ff5d6f5f-b25a-4781-a093-09e5c54b8659" testId="469e99ca-02e3-c69b-eed4-315f41a68943" testName="ToilRelic.Tests.GameSaveUxTests.Run_UnreadableSave_DiagnosesWithoutMutationBeforeSelection" computerName="DOYOUNG" duration="00:00:00.0073461" startTime="2026-07-23T13:34:27.4694945+09:00" endTime="2026-07-23T13:34:27.4694951+09:00" testType="13cdc9d9-ddb5-4fa4-a97d-d965ccfc6d4b" outcome="Passed" testListId="8c84fa94-04c1-424b-9868-57a2d4851a1d" relativeResultsDirectory="ff5d6f5f-b25a-4781-a093-09e5c54b8659" />
    <UnitTestResult executionId="a19f9a08-1b23-4fa2-ab87-53687094eca3" testId="8119fbe4-98c1-680c-0f86-6c8d94509b1b" testName="ToilRelic.Tests.SaveSystemTests.Delete_MissingAndExistingPaths_ReturnSuccess" computerName="DOYOUNG" duration="00:00:00.0036752" startTime="2026-07-23T13:34:27.4239305+09:00" endTime="2026-07-23T13:34:27.4239309+09:00" testType="13cdc9d9-ddb5-4fa4-a97d-d965ccfc6d4b" outcome="Passed" testListId="8c84fa94-04c1-424b-9868-57a2d4851a1d" relativeResultsDirectory="a19f9a08-1b23-4fa2-ab87-53687094eca3" />
    <UnitTestResult executionId="82a08b4c-d1b3-4922-aa90-161340dc4b74" testId="284bae40-4d44-2ec7-48d1-403de349a9be" testName="ToilRelic.Tests.SaveSystemTests.Load_ImpossibleCoreValue_ReturnsUnreadableWithoutChangingBytes(invalidCase: NegativeHp)" computerName="DOYOUNG" duration="00:00:00.0054325" startTime="2026-07-23T13:34:27.2567585+09:00" endTime="2026-07-23T13:34:27.2567585+09:00" testType="13cdc9d9-ddb5-4fa4-a97d-d965ccfc6d4b" outcome="Passed" testListId="8c84fa94-04c1-424b-9868-57a2d4851a1d" relativeResultsDirectory="82a08b4c-d1b3-4922-aa90-161340dc4b74" />
    <UnitTestResult executionId="a438ac33-6976-4d10-9c65-d99a183e2233" testId="bf6f5821-b844-c839-3b6a-f39b1f581df1" testName="ToilRelic.Tests.SaveSystemTests.Load_LockedFile_ReturnsUnreadableWithoutChangingBytes" computerName="DOYOUNG" duration="00:00:00.0061142" startTime="2026-07-23T13:34:27.3973747+09:00" endTime="2026-07-23T13:34:27.3973753+09:00" testType="13cdc9d9-ddb5-4fa4-a97d-d965ccfc6d4b" outcome="Passed" testListId="8c84fa94-04c1-424b-9868-57a2d4851a1d" relativeResultsDirectory="a438ac33-6976-4d10-9c65-d99a183e2233" />
    <UnitTestResult executionId="1828e09b-e973-45f9-b59d-066273f4a67f" testId="8922dc8f-1e09-730b-e9e6-e8476dc71a3b" testName="ToilRelic.Tests.GameSaveUxTests.Run_EmptyJsonObject_DiagnosesWithoutOfferingContinue" computerName="DOYOUNG" duration="00:00:00.0042630" startTime="2026-07-23T13:34:27.4471506+09:00" endTime="2026-07-23T13:34:27.4471512+09:00" testType="13cdc9d9-ddb5-4fa4-a97d-d965ccfc6d4b" outcome="Passed" testListId="8c84fa94-04c1-424b-9868-57a2d4851a1d" relativeResultsDirectory="1828e09b-e973-45f9-b59d-066273f4a67f" />
    <UnitTestResult executionId="4cd53b15-8a48-4779-887d-8008841d7e64" testId="46f35d1c-9b8b-f80c-a5a6-6dfd6d2c155c" testName="ToilRelic.Tests.GameSaveUxTests.Run_ExperienceAtLevelThreshold_DiagnosesWithoutOfferingContinueOrChangingBytes" computerName="DOYOUNG" duration="00:00:00.0140067" startTime="2026-07-23T13:34:27.4427460+09:00" endTime="2026-07-23T13:34:27.4427466+09:00" testType="13cdc9d9-ddb5-4fa4-a97d-d965ccfc6d4b" outcome="Passed" testListId="8c84fa94-04c1-424b-9868-57a2d4851a1d" relativeResultsDirectory="4cd53b15-8a48-4779-887d-8008841d7e64" />
    <UnitTestResult executionId="02a77901-a86d-43f4-b080-16b38066dbbd" testId="c100a3fe-7faf-e998-efbf-059ebc03514b" testName="ToilRelic.Tests.SaveSystemTests.Load_MissingRequiredCoreField_ReturnsUnreadableWithoutChangingBytes(fieldName: &quot;Level&quot;)" computerName="DOYOUNG" duration="00:00:00.0063530" startTime="2026-07-23T13:34:27.3911270+09:00" endTime="2026-07-23T13:34:27.3911276+09:00" testType="13cdc9d9-ddb5-4fa4-a97d-d965ccfc6d4b" outcome="Passed" testListId="8c84fa94-04c1-424b-9868-57a2d4851a1d" relativeResultsDirectory="02a77901-a86d-43f4-b080-16b38066dbbd" />
    <UnitTestResult executionId="a8802fd1-c519-405e-99cb-ff0e44a0e8f6" testId="f80ff2f0-ba6a-b2d4-109b-d96e2beefdd5" testName="ToilRelic.Tests.GameSaveUxTests.Run_SaveFailureThenRecovery_PrintsFinalOutcomesAfterActions" computerName="DOYOUNG" duration="00:00:00.0190695" startTime="2026-07-23T13:34:27.4973348+09:00" endTime="2026-07-23T13:34:27.4973352+09:00" testType="13cdc9d9-ddb5-4fa4-a97d-d965ccfc6d4b" outcome="Passed" testListId="8c84fa94-04c1-424b-9868-57a2d4851a1d" relativeResultsDirectory="a8802fd1-c519-405e-99cb-ff0e44a0e8f6" />
    <UnitTestResult executionId="72bba80b-6c3a-4b5d-89ff-7867647f8a5c" testId="f4f8bcce-debe-4571-99f2-36726262d655" testName="ToilRelic.Tests.SaveSystemTests.Load_EmptyJsonObject_ReturnsUnreadableWithoutChangingBytes" computerName="DOYOUNG" duration="00:00:00.0053374" startTime="2026-07-23T13:34:27.3016208+09:00" endTime="2026-07-23T13:34:27.3016212+09:00" testType="13cdc9d9-ddb5-4fa4-a97d-d965ccfc6d4b" outcome="Passed" testListId="8c84fa94-04c1-424b-9868-57a2d4851a1d" relativeResultsDirectory="72bba80b-6c3a-4b5d-89ff-7867647f8a5c" />
    <UnitTestResult executionId="ab41b759-c5cb-4d18-82f8-fec36e722f28" testId="b29f5b99-068e-bc54-825f-1718f8a76108" testName="ToilRelic.Tests.SaveSystemTests.Save_BlockedParent_ReturnsFailureWithDeveloperDiagnostic" computerName="DOYOUNG" duration="00:00:00.0329242" startTime="2026-07-23T13:34:27.3347149+09:00" endTime="2026-07-23T13:34:27.3347155+09:00" testType="13cdc9d9-ddb5-4fa4-a97d-d965ccfc6d4b" outcome="Passed" testListId="8c84fa94-04c1-424b-9868-57a2d4851a1d" relativeResultsDirectory="ab41b759-c5cb-4d18-82f8-fec36e722f28" />
    <UnitTestResult executionId="2a8fccb2-87d7-4e79-bbd4-7640bdb68e50" testId="72576d8a-7292-829a-931b-ea32b49d0e63" testName="ToilRelic.Tests.GameSaveUxTests.Run_ValidSave_OffersContinueAndUsesLoadedPlayer" computerName="DOYOUNG" duration="00:00:00.0146713" startTime="2026-07-23T13:34:27.4620185+09:00" endTime="2026-07-23T13:34:27.4620190+09:00" testType="13cdc9d9-ddb5-4fa4-a97d-d965ccfc6d4b" outcome="Passed" testListId="8c84fa94-04c1-424b-9868-57a2d4851a1d" relativeResultsDirectory="2a8fccb2-87d7-4e79-bbd4-7640bdb68e50" />
  </Results>
  <TestDefinitions>
    <UnitTest name="ToilRelic.Tests.SaveSystemTests.Load_MissingRequiredCoreField_ReturnsUnreadableWithoutChangingBytes(fieldName: &quot;Name&quot;)" storage="c:\toil-relic-main\tests\toilrelic.tests\bin\debug\net8.0\toilrelic.tests.dll" id="cd810a1d-5faf-4113-9c37-3aa214fbcd6a">
      <Execution id="b28d936b-f727-493b-afd7-d8330cbc3e9d" />
      <TestMethod codeBase="C:\Toil-Relic-main\tests\ToilRelic.Tests\bin\Debug\net8.0\ToilRelic.Tests.dll" adapterTypeName="executor://xunit/VsTestRunner2/netcoreapp" className="ToilRelic.Tests.SaveSystemTests" name="Load_MissingRequiredCoreField_ReturnsUnreadableWithoutChangingBytes" />
    </UnitTest>
    <UnitTest name="ToilRelic.Tests.SaveSystemTests.Load_RequiredCoreFieldWithWrongKind_ReturnsUnreadableWithoutChangingBytes(fieldName: &quot;MaxHp&quot;, replacementJson: &quot;\&quot;100\&quot;&quot;)" storage="c:\toil-relic-main\tests\toilrelic.tests\bin\debug\net8.0\toilrelic.tests.dll" id="d5f38515-f76b-5fbd-7ed6-9fcdc41402d1">
      <Execution id="acca01d8-c39a-41e1-80d6-0a967a3c4fef" />
      <TestMethod codeBase="C:\Toil-Relic-main\tests\ToilRelic.Tests\bin\Debug\net8.0\ToilRelic.Tests.dll" adapterTypeName="executor://xunit/VsTestRunner2/netcoreapp" className="ToilRelic.Tests.SaveSystemTests" name="Load_RequiredCoreFieldWithWrongKind_ReturnsUnreadableWithoutChangingBytes" />
    </UnitTest>
    <UnitTest name="ToilRelic.Tests.SaveSystemTests.Load_RequiredCoreFieldWithWrongKind_ReturnsUnreadableWithoutChangingBytes(fieldName: &quot;Name&quot;, replacementJson: &quot;42&quot;)" storage="c:\toil-relic-main\tests\toilrelic.tests\bin\debug\net8.0\toilrelic.tests.dll" id="1f88d99a-7697-01b8-9ed5-2ed599518017">
      <Execution id="3dd5030f-3ec1-4e5d-83b1-21cf480d7307" />
      <TestMethod codeBase="C:\Toil-Relic-main\tests\ToilRelic.Tests\bin\Debug\net8.0\ToilRelic.Tests.dll" adapterTypeName="executor://xunit/VsTestRunner2/netcoreapp" className="ToilRelic.Tests.SaveSystemTests" name="Load_RequiredCoreFieldWithWrongKind_ReturnsUnreadableWithoutChangingBytes" />
    </UnitTest>
    <UnitTest name="ToilRelic.Tests.SaveSystemTests.Load_RequiredCoreFieldWithWrongKind_ReturnsUnreadableWithoutChangingBytes(fieldName: &quot;Experience&quot;, replacementJson: &quot;\&quot;3\&quot;&quot;)" storage="c:\toil-relic-main\tests\toilrelic.tests\bin\debug\net8.0\toilrelic.tests.dll" id="2acbbf53-5d00-6bae-d992-426f665c8ac2">
      <Execution id="f9669a39-cdb9-4ab9-bf68-b93b424ade9d" />
      <TestMethod codeBase="C:\Toil-Relic-main\tests\ToilRelic.Tests\bin\Debug\net8.0\ToilRelic.Tests.dll" adapterTypeName="executor://xunit/VsTestRunner2/netcoreapp" className="ToilRelic.Tests.SaveSystemTests" name="Load_RequiredCoreFieldWithWrongKind_ReturnsUnreadableWithoutChangingBytes" />
    </UnitTest>
    <UnitTest name="ToilRelic.Tests.SaveSystemTests.Load_RequiredCoreFieldWithWrongKind_ReturnsUnreadableWithoutChangingBytes(fieldName: &quot;Inventory&quot;, replacementJson: &quot;[]&quot;)" storage="c:\toil-relic-main\tests\toilrelic.tests\bin\debug\net8.0\toilrelic.tests.dll" id="f1d26cc5-52bf-60c1-4df9-a5d393ebfc6c">
      <Execution id="faa1e5b7-d620-47f6-823c-14967dfc5514" />
      <TestMethod codeBase="C:\Toil-Relic-main\tests\ToilRelic.Tests\bin\Debug\net8.0\ToilRelic.Tests.dll" adapterTypeName="executor://xunit/VsTestRunner2/netcoreapp" className="ToilRelic.Tests.SaveSystemTests" name="Load_RequiredCoreFieldWithWrongKind_ReturnsUnreadableWithoutChangingBytes" />
    </UnitTest>
    <UnitTest name="ToilRelic.Tests.GameSaveUxTests.Run_EmptyJsonObject_DiagnosesWithoutOfferingContinue" storage="c:\toil-relic-main\tests\toilrelic.tests\bin\debug\net8.0\toilrelic.tests.dll" id="8922dc8f-1e09-730b-e9e6-e8476dc71a3b">
      <Execution id="1828e09b-e973-45f9-b59d-066273f4a67f" />
      <TestMethod codeBase="C:\Toil-Relic-main\tests\ToilRelic.Tests\bin\Debug\net8.0\ToilRelic.Tests.dll" adapterTypeName="executor://xunit/VsTestRunner2/netcoreapp" className="ToilRelic.Tests.GameSaveUxTests" name="Run_EmptyJsonObject_DiagnosesWithoutOfferingContinue" />
    </UnitTest>
    <UnitTest name="ToilRelic.Tests.SaveSystemTests.Delete_DirectoryPath_ReturnsFailureWithoutRemovingDirectory" storage="c:\toil-relic-main\tests\toilrelic.tests\bin\debug\net8.0\toilrelic.tests.dll" id="dcafc412-9f45-adda-e3ed-1e72bac90faa">
      <Execution id="9306732d-8d8d-407c-9d50-a15aebc26474" />
      <TestMethod codeBase="C:\Toil-Relic-main\tests\ToilRelic.Tests\bin\Debug\net8.0\ToilRelic.Tests.dll" adapterTypeName="executor://xunit/VsTestRunner2/netcoreapp" className="ToilRelic.Tests.SaveSystemTests" name="Delete_DirectoryPath_ReturnsFailureWithoutRemovingDirectory" />
    </UnitTest>
    <UnitTest name="ToilRelic.Tests.GameSaveUxTests.Run_ExperienceAtLevelThreshold_DiagnosesWithoutOfferingContinueOrChangingBytes" storage="c:\toil-relic-main\tests\toilrelic.tests\bin\debug\net8.0\toilrelic.tests.dll" id="46f35d1c-9b8b-f80c-a5a6-6dfd6d2c155c">
      <Execution id="4cd53b15-8a48-4779-887d-8008841d7e64" />
      <TestMethod codeBase="C:\Toil-Relic-main\tests\ToilRelic.Tests\bin\Debug\net8.0\ToilRelic.Tests.dll" adapterTypeName="executor://xunit/VsTestRunner2/netcoreapp" className="ToilRelic.Tests.GameSaveUxTests" name="Run_ExperienceAtLevelThreshold_DiagnosesWithoutOfferingContinueOrChangingBytes" />
    </UnitTest>
    <UnitTest name="ToilRelic.Tests.GameSaveUxTests.Run_UnreadableSave_DiagnosesWithoutMutationBeforeSelection" storage="c:\toil-relic-main\tests\toilrelic.tests\bin\debug\net8.0\toilrelic.tests.dll" id="469e99ca-02e3-c69b-eed4-315f41a68943">
      <Execution id="ff5d6f5f-b25a-4781-a093-09e5c54b8659" />
      <TestMethod codeBase="C:\Toil-Relic-main\tests\ToilRelic.Tests\bin\Debug\net8.0\ToilRelic.Tests.dll" adapterTypeName="executor://xunit/VsTestRunner2/netcoreapp" className="ToilRelic.Tests.GameSaveUxTests" name="Run_UnreadableSave_DiagnosesWithoutMutationBeforeSelection" />
    </UnitTest>
    <UnitTest name="ToilRelic.Tests.SaveSystemTests.Load_RequiredCoreFieldWithWrongKind_ReturnsUnreadableWithoutChangingBytes(fieldName: &quot;TreasureCount&quot;, replacementJson: &quot;\&quot;0\&quot;&quot;)" storage="c:\toil-relic-main\tests\toilrelic.tests\bin\debug\net8.0\toilrelic.tests.dll" id="81e0ba78-da48-8718-c853-50dbcd262972">
      <Execution id="53f47b16-8a39-4b01-b72c-755dd6ea8651" />
      <TestMethod codeBase="C:\Toil-Relic-main\tests\ToilRelic.Tests\bin\Debug\net8.0\ToilRelic.Tests.dll" adapterTypeName="executor://xunit/VsTestRunner2/netcoreapp" className="ToilRelic.Tests.SaveSystemTests" name="Load_RequiredCoreFieldWithWrongKind_ReturnsUnreadableWithoutChangingBytes" />
    </UnitTest>
    <UnitTest name="ToilRelic.Tests.SaveSystemTests.Load_ImpossibleCoreValue_ReturnsUnreadableWithoutChangingBytes(invalidCase: HpAboveMaxHp)" storage="c:\toil-relic-main\tests\toilrelic.tests\bin\debug\net8.0\toilrelic.tests.dll" id="5e00eb23-a91c-771d-fc55-6516dc05c5a5">
      <Execution id="11dff6ce-10d8-4fe1-9f65-181a7d1d419b" />
      <TestMethod codeBase="C:\Toil-Relic-main\tests\ToilRelic.Tests\bin\Debug\net8.0\ToilRelic.Tests.dll" adapterTypeName="executor://xunit/VsTestRunner2/netcoreapp" className="ToilRelic.Tests.SaveSystemTests" name="Load_ImpossibleCoreValue_ReturnsUnreadableWithoutChangingBytes" />
    </UnitTest>
    <UnitTest name="ToilRelic.Tests.SaveSystemTests.Load_ImpossibleCoreValue_ReturnsUnreadableWithoutChangingBytes(invalidCase: NegativeHp)" storage="c:\toil-relic-main\tests\toilrelic.tests\bin\debug\net8.0\toilrelic.tests.dll" id="284bae40-4d44-2ec7-48d1-403de349a9be">
      <Execution id="82a08b4c-d1b3-4922-aa90-161340dc4b74" />
      <TestMethod codeBase="C:\Toil-Relic-main\tests\ToilRelic.Tests\bin\Debug\net8.0\ToilRelic.Tests.dll" adapterTypeName="executor://xunit/VsTestRunner2/netcoreapp" className="ToilRelic.Tests.SaveSystemTests" name="Load_ImpossibleCoreValue_ReturnsUnreadableWithoutChangingBytes" />
    </UnitTest>
    <UnitTest name="ToilRelic.Tests.SaveSystemTests.Delete_MissingAndExistingPaths_ReturnSuccess" storage="c:\toil-relic-main\tests\toilrelic.tests\bin\debug\net8.0\toilrelic.tests.dll" id="8119fbe4-98c1-680c-0f86-6c8d94509b1b">
      <Execution id="a19f9a08-1b23-4fa2-ab87-53687094eca3" />
      <TestMethod codeBase="C:\Toil-Relic-main\tests\ToilRelic.Tests\bin\Debug\net8.0\ToilRelic.Tests.dll" adapterTypeName="executor://xunit/VsTestRunner2/netcoreapp" className="ToilRelic.Tests.SaveSystemTests" name="Delete_MissingAndExistingPaths_ReturnSuccess" />
    </UnitTest>
    <UnitTest name="ToilRelic.Tests.SaveSystemTests.Load_MissingRequiredCoreField_ReturnsUnreadableWithoutChangingBytes(fieldName: &quot;Level&quot;)" storage="c:\toil-relic-main\tests\toilrelic.tests\bin\debug\net8.0\toilrelic.tests.dll" id="c100a3fe-7faf-e998-efbf-059ebc03514b">
      <Execution id="02a77901-a86d-43f4-b080-16b38066dbbd" />
      <TestMethod codeBase="C:\Toil-Relic-main\tests\ToilRelic.Tests\bin\Debug\net8.0\ToilRelic.Tests.dll" adapterTypeName="executor://xunit/VsTestRunner2/netcoreapp" className="ToilRelic.Tests.SaveSystemTests" name="Load_MissingRequiredCoreField_ReturnsUnreadableWithoutChangingBytes" />
    </UnitTest>
    <UnitTest name="ToilRelic.Tests.SaveSystemTests.Load_MissingPath_ReturnsMissingWithoutPlayerOrDiagnostic" storage="c:\toil-relic-main\tests\toilrelic.tests\bin\debug\net8.0\toilrelic.tests.dll" id="0f11059d-0561-ce9c-3926-438dd42c3563">
      <Execution id="bd604343-8340-4ecf-96a5-5f87421d0278" />
      <TestMethod codeBase="C:\Toil-Relic-main\tests\ToilRelic.Tests\bin\Debug\net8.0\ToilRelic.Tests.dll" adapterTypeName="executor://xunit/VsTestRunner2/netcoreapp" className="ToilRelic.Tests.SaveSystemTests" name="Load_MissingPath_ReturnsMissingWithoutPlayerOrDiagnostic" />
    </UnitTest>
    <UnitTest name="ToilRelic.Tests.SaveSystemTests.Load_LegacyFormatWithoutEquipmentFields_ReturnsLoaded" storage="c:\toil-relic-main\tests\toilrelic.tests\bin\debug\net8.0\toilrelic.tests.dll" id="3beb3490-9545-fd58-4fa6-f946a9de9080">
      <Execution id="85089ff8-e88d-4641-9b13-6a7e49d23a37" />
      <TestMethod codeBase="C:\Toil-Relic-main\tests\ToilRelic.Tests\bin\Debug\net8.0\ToilRelic.Tests.dll" adapterTypeName="executor://xunit/VsTestRunner2/netcoreapp" className="ToilRelic.Tests.SaveSystemTests" name="Load_LegacyFormatWithoutEquipmentFields_ReturnsLoaded" />
    </UnitTest>
    <UnitTest name="ToilRelic.Tests.GameSaveUxTests.Run_ReplacementFailure_RemainsOnTitleWithSafeCopy" storage="c:\toil-relic-main\tests\toilrelic.tests\bin\debug\net8.0\toilrelic.tests.dll" id="e38bba25-6bb7-8430-083d-6e870c201ad6">
      <Execution id="2d69beb3-35c5-471c-b6b1-79f3d7236013" />
      <TestMethod codeBase="C:\Toil-Relic-main\tests\ToilRelic.Tests\bin\Debug\net8.0\ToilRelic.Tests.dll" adapterTypeName="executor://xunit/VsTestRunner2/netcoreapp" className="ToilRelic.Tests.GameSaveUxTests" name="Run_ReplacementFailure_RemainsOnTitleWithSafeCopy" />
    </UnitTest>
    <UnitTest name="ToilRelic.Tests.SaveSystemTests.Load_ImpossibleCoreValue_ReturnsUnreadableWithoutChangingBytes(invalidCase: NegativeExperience)" storage="c:\toil-relic-main\tests\toilrelic.tests\bin\debug\net8.0\toilrelic.tests.dll" id="4ab0c5fb-1d63-4069-6ba7-04c5bbbc472f">
      <Execution id="105c3329-cd67-4957-8dba-9fa20108b5d8" />
      <TestMethod codeBase="C:\Toil-Relic-main\tests\ToilRelic.Tests\bin\Debug\net8.0\ToilRelic.Tests.dll" adapterTypeName="executor://xunit/VsTestRunner2/netcoreapp" className="ToilRelic.Tests.SaveSystemTests" name="Load_ImpossibleCoreValue_ReturnsUnreadableWithoutChangingBytes" />
    </UnitTest>
    <UnitTest name="ToilRelic.Tests.GameSaveUxTests.Run_MissingSave_ShowsDiagnosisAndSavesBeforeQuit" storage="c:\toil-relic-main\tests\toilrelic.tests\bin\debug\net8.0\toilrelic.tests.dll" id="9fab5553-176d-af7b-14fc-430ea212da5c">
      <Execution id="d7ba0244-baca-4ac5-8f43-f52e855a6f71" />
      <TestMethod codeBase="C:\Toil-Relic-main\tests\ToilRelic.Tests\bin\Debug\net8.0\ToilRelic.Tests.dll" adapterTypeName="executor://xunit/VsTestRunner2/netcoreapp" className="ToilRelic.Tests.GameSaveUxTests" name="Run_MissingSave_ShowsDiagnosisAndSavesBeforeQuit" />
    </UnitTest>
    <UnitTest name="ToilRelic.Tests.SaveSystemTests.Load_ImpossibleCoreValue_ReturnsUnreadableWithoutChangingBytes(invalidCase: NonPositiveMaxHp)" storage="c:\toil-relic-main\tests\toilrelic.tests\bin\debug\net8.0\toilrelic.tests.dll" id="3c8c0abf-5df1-873c-55dc-cf970c8c695b">
      <Execution id="f247dc14-0443-45f4-9648-8f02483d1002" />
      <TestMethod codeBase="C:\Toil-Relic-main\tests\ToilRelic.Tests\bin\Debug\net8.0\ToilRelic.Tests.dll" adapterTypeName="executor://xunit/VsTestRunner2/netcoreapp" className="ToilRelic.Tests.SaveSystemTests" name="Load_ImpossibleCoreValue_ReturnsUnreadableWithoutChangingBytes" />
    </UnitTest>
    <UnitTest name="ToilRelic.Tests.GameSaveUxTests.Run_SaveFailureThenRecovery_PrintsFinalOutcomesAfterActions" storage="c:\toil-relic-main\tests\toilrelic.tests\bin\debug\net8.0\toilrelic.tests.dll" id="f80ff2f0-ba6a-b2d4-109b-d96e2beefdd5">
      <Execution id="a8802fd1-c519-405e-99cb-ff0e44a0e8f6" />
      <TestMethod codeBase="C:\Toil-Relic-main\tests\ToilRelic.Tests\bin\Debug\net8.0\ToilRelic.Tests.dll" adapterTypeName="executor://xunit/VsTestRunner2/netcoreapp" className="ToilRelic.Tests.GameSaveUxTests" name="Run_SaveFailureThenRecovery_PrintsFinalOutcomesAfterActions" />
    </UnitTest>
    <UnitTest name="ToilRelic.Tests.GameSaveUxTests.Run_ValidSave_OffersContinueAndUsesLoadedPlayer" storage="c:\toil-relic-main\tests\toilrelic.tests\bin\debug\net8.0\toilrelic.tests.dll" id="72576d8a-7292-829a-931b-ea32b49d0e63">
      <Execution id="2a8fccb2-87d7-4e79-bbd4-7640bdb68e50" />
      <TestMethod codeBase="C:\Toil-Relic-main\tests\ToilRelic.Tests\bin\Debug\net8.0\ToilRelic.Tests.dll" adapterTypeName="executor://xunit/VsTestRunner2/netcoreapp" className="ToilRelic.Tests.GameSaveUxTests" name="Run_ValidSave_OffersContinueAndUsesLoadedPlayer" />
    </UnitTest>
    <UnitTest name="ToilRelic.Tests.SaveSystemTests.SaveThenLoad_CurrentFormat_PreservesRepresentativePlayerValues" storage="c:\toil-relic-main\tests\toilrelic.tests\bin\debug\net8.0\toilrelic.tests.dll" id="64329dfb-6680-6af5-18eb-c30c9673bd4c">
      <Execution id="11cae56f-e793-4b85-b03e-14ba85740bd7" />
      <TestMethod codeBase="C:\Toil-Relic-main\tests\ToilRelic.Tests\bin\Debug\net8.0\ToilRelic.Tests.dll" adapterTypeName="executor://xunit/VsTestRunner2/netcoreapp" className="ToilRelic.Tests.SaveSystemTests" name="SaveThenLoad_CurrentFormat_PreservesRepresentativePlayerValues" />
    </UnitTest>
    <UnitTest name="ToilRelic.Tests.SaveSystemTests.Load_MissingRequiredCoreField_ReturnsUnreadableWithoutChangingBytes(fieldName: &quot;Experience&quot;)" storage="c:\toil-relic-main\tests\toilrelic.tests\bin\debug\net8.0\toilrelic.tests.dll" id="95722fa5-4a33-1b2a-eee8-81326c554a44">
      <Execution id="d832ca21-3810-49bc-8e8e-2c20c9b15d8c" />
      <TestMethod codeBase="C:\Toil-Relic-main\tests\ToilRelic.Tests\bin\Debug\net8.0\ToilRelic.Tests.dll" adapterTypeName="executor://xunit/VsTestRunner2/netcoreapp" className="ToilRelic.Tests.SaveSystemTests" name="Load_MissingRequiredCoreField_ReturnsUnreadableWithoutChangingBytes" />
    </UnitTest>
    <UnitTest name="ToilRelic.Tests.SaveSystemTests.Load_EmptyJsonObject_ReturnsUnreadableWithoutChangingBytes" storage="c:\toil-relic-main\tests\toilrelic.tests\bin\debug\net8.0\toilrelic.tests.dll" id="f4f8bcce-debe-4571-99f2-36726262d655">
      <Execution id="72bba80b-6c3a-4b5d-89ff-7867647f8a5c" />
      <TestMethod codeBase="C:\Toil-Relic-main\tests\ToilRelic.Tests\bin\Debug\net8.0\ToilRelic.Tests.dll" adapterTypeName="executor://xunit/VsTestRunner2/netcoreapp" className="ToilRelic.Tests.SaveSystemTests" name="Load_EmptyJsonObject_ReturnsUnreadableWithoutChangingBytes" />
    </UnitTest>
    <UnitTest name="ToilRelic.Tests.SaveSystemTests.Load_ImpossibleCoreValue_ReturnsUnreadableWithoutChangingBytes(invalidCase: NonPositiveLevel)" storage="c:\toil-relic-main\tests\toilrelic.tests\bin\debug\net8.0\toilrelic.tests.dll" id="f9504f1a-ae1a-0d9e-e379-90e5a479e254">
      <Execution id="dcc911be-6a42-4dff-a264-908657076fa0" />
      <TestMethod codeBase="C:\Toil-Relic-main\tests\ToilRelic.Tests\bin\Debug\net8.0\ToilRelic.Tests.dll" adapterTypeName="executor://xunit/VsTestRunner2/netcoreapp" className="ToilRelic.Tests.SaveSystemTests" name="Load_ImpossibleCoreValue_ReturnsUnreadableWithoutChangingBytes" />
    </UnitTest>
    <UnitTest name="ToilRelic.Tests.SaveSystemTests.Load_MissingRequiredCoreField_ReturnsUnreadableWithoutChangingBytes(fieldName: &quot;TreasureCount&quot;)" storage="c:\toil-relic-main\tests\toilrelic.tests\bin\debug\net8.0\toilrelic.tests.dll" id="bd6bd27a-d6bd-4295-4895-563595853a3f">
      <Execution id="ad30e093-a49b-4863-af52-802732c3a544" />
      <TestMethod codeBase="C:\Toil-Relic-main\tests\ToilRelic.Tests\bin\Debug\net8.0\ToilRelic.Tests.dll" adapterTypeName="executor://xunit/VsTestRunner2/netcoreapp" className="ToilRelic.Tests.SaveSystemTests" name="Load_MissingRequiredCoreField_ReturnsUnreadableWithoutChangingBytes" />
    </UnitTest>
    <UnitTest name="ToilRelic.Tests.SaveSystemTests.Load_MissingRequiredCoreField_ReturnsUnreadableWithoutChangingBytes(fieldName: &quot;Hp&quot;)" storage="c:\toil-relic-main\tests\toilrelic.tests\bin\debug\net8.0\toilrelic.tests.dll" id="5ddc163a-f961-87ec-a392-c07f500743c7">
      <Execution id="4a4718fe-97a0-4257-9c6d-22aee369d780" />
      <TestMethod codeBase="C:\Toil-Relic-main\tests\ToilRelic.Tests\bin\Debug\net8.0\ToilRelic.Tests.dll" adapterTypeName="executor://xunit/VsTestRunner2/netcoreapp" className="ToilRelic.Tests.SaveSystemTests" name="Load_MissingRequiredCoreField_ReturnsUnreadableWithoutChangingBytes" />
    </UnitTest>
    <UnitTest name="ToilRelic.Tests.SaveSystemTests.Save_BlockedParent_ReturnsFailureWithDeveloperDiagnostic" storage="c:\toil-relic-main\tests\toilrelic.tests\bin\debug\net8.0\toilrelic.tests.dll" id="b29f5b99-068e-bc54-825f-1718f8a76108">
      <Execution id="ab41b759-c5cb-4d18-82f8-fec36e722f28" />
      <TestMethod codeBase="C:\Toil-Relic-main\tests\ToilRelic.Tests\bin\Debug\net8.0\ToilRelic.Tests.dll" adapterTypeName="executor://xunit/VsTestRunner2/netcoreapp" className="ToilRelic.Tests.SaveSystemTests" name="Save_BlockedParent_ReturnsFailureWithDeveloperDiagnostic" />
    </UnitTest>
    <UnitTest name="ToilRelic.Tests.SaveSystemTests.Load_RequiredCoreFieldWithWrongKind_ReturnsUnreadableWithoutChangingBytes(fieldName: &quot;Level&quot;, replacementJson: &quot;\&quot;2\&quot;&quot;)" storage="c:\toil-relic-main\tests\toilrelic.tests\bin\debug\net8.0\toilrelic.tests.dll" id="6811dffb-0b0f-9012-0bc0-c920516b6016">
      <Execution id="4957121e-e602-4f6b-8fab-18f40b69d8ff" />
      <TestMethod codeBase="C:\Toil-Relic-main\tests\ToilRelic.Tests\bin\Debug\net8.0\ToilRelic.Tests.dll" adapterTypeName="executor://xunit/VsTestRunner2/netcoreapp" className="ToilRelic.Tests.SaveSystemTests" name="Load_RequiredCoreFieldWithWrongKind_ReturnsUnreadableWithoutChangingBytes" />
    </UnitTest>
    <UnitTest name="ToilRelic.Tests.SaveSystemTests.Load_MalformedJson_ReturnsUnreadableWithoutChangingBytes" storage="c:\toil-relic-main\tests\toilrelic.tests\bin\debug\net8.0\toilrelic.tests.dll" id="fdc46367-e306-adab-e1c2-77f578ae932f">
      <Execution id="ece305f6-a169-4e66-8c6b-e398874266e6" />
      <TestMethod codeBase="C:\Toil-Relic-main\tests\ToilRelic.Tests\bin\Debug\net8.0\ToilRelic.Tests.dll" adapterTypeName="executor://xunit/VsTestRunner2/netcoreapp" className="ToilRelic.Tests.SaveSystemTests" name="Load_MalformedJson_ReturnsUnreadableWithoutChangingBytes" />
    </UnitTest>
    <UnitTest name="ToilRelic.Tests.SaveSystemTests.Load_ImpossibleCoreValue_ReturnsUnreadableWithoutChangingBytes(invalidCase: ExperienceAtLevelThreshold)" storage="c:\toil-relic-main\tests\toilrelic.tests\bin\debug\net8.0\toilrelic.tests.dll" id="61053060-edae-24f9-fb86-67399672acb0">
      <Execution id="a3e0424d-cc6c-4b8a-a7f3-85e567b6c70e" />
      <TestMethod codeBase="C:\Toil-Relic-main\tests\ToilRelic.Tests\bin\Debug\net8.0\ToilRelic.Tests.dll" adapterTypeName="executor://xunit/VsTestRunner2/netcoreapp" className="ToilRelic.Tests.SaveSystemTests" name="Load_ImpossibleCoreValue_ReturnsUnreadableWithoutChangingBytes" />
    </UnitTest>
    <UnitTest name="ToilRelic.Tests.SaveSystemTests.Load_ImpossibleCoreValue_ReturnsUnreadableWithoutChangingBytes(invalidCase: NegativeInventoryAmount)" storage="c:\toil-relic-main\tests\toilrelic.tests\bin\debug\net8.0\toilrelic.tests.dll" id="cd59e02a-e9e8-731b-68f4-1b318d0f4f85">
      <Execution id="3be33246-1d6b-414c-bd1a-f9a0f92e0974" />
      <TestMethod codeBase="C:\Toil-Relic-main\tests\ToilRelic.Tests\bin\Debug\net8.0\ToilRelic.Tests.dll" adapterTypeName="executor://xunit/VsTestRunner2/netcoreapp" className="ToilRelic.Tests.SaveSystemTests" name="Load_ImpossibleCoreValue_ReturnsUnreadableWithoutChangingBytes" />
    </UnitTest>
    <UnitTest name="ToilRelic.Tests.SaveSystemTests.Load_MissingRequiredCoreField_ReturnsUnreadableWithoutChangingBytes(fieldName: &quot;MaxHp&quot;)" storage="c:\toil-relic-main\tests\toilrelic.tests\bin\debug\net8.0\toilrelic.tests.dll" id="8841b95c-86a5-63e2-807d-0a45342a90e3">
      <Execution id="5b6b9bd2-5f2c-437b-b589-a20143d13775" />
      <TestMethod codeBase="C:\Toil-Relic-main\tests\ToilRelic.Tests\bin\Debug\net8.0\ToilRelic.Tests.dll" adapterTypeName="executor://xunit/VsTestRunner2/netcoreapp" className="ToilRelic.Tests.SaveSystemTests" name="Load_MissingRequiredCoreField_ReturnsUnreadableWithoutChangingBytes" />
    </UnitTest>
    <UnitTest name="ToilRelic.Tests.SaveSystemTests.Load_RequiredCoreFieldWithWrongKind_ReturnsUnreadableWithoutChangingBytes(fieldName: &quot;Hp&quot;, replacementJson: &quot;\&quot;50\&quot;&quot;)" storage="c:\toil-relic-main\tests\toilrelic.tests\bin\debug\net8.0\toilrelic.tests.dll" id="44518b6d-96b8-d21d-c455-99ec04fa7bf9">
      <Execution id="bd8db088-3437-4b64-ba0c-9d68ab73ea09" />
      <TestMethod codeBase="C:\Toil-Relic-main\tests\ToilRelic.Tests\bin\Debug\net8.0\ToilRelic.Tests.dll" adapterTypeName="executor://xunit/VsTestRunner2/netcoreapp" className="ToilRelic.Tests.SaveSystemTests" name="Load_RequiredCoreFieldWithWrongKind_ReturnsUnreadableWithoutChangingBytes" />
    </UnitTest>
    <UnitTest name="ToilRelic.Tests.SaveSystemTests.Load_ImpossibleCoreValue_ReturnsUnreadableWithoutChangingBytes(invalidCase: UndefinedItemType)" storage="c:\toil-relic-main\tests\toilrelic.tests\bin\debug\net8.0\toilrelic.tests.dll" id="49af8928-e070-7f08-1196-9c8e8bfe8299">
      <Execution id="a1d12a0e-d649-46a1-8c4b-7e160135c52a" />
      <TestMethod codeBase="C:\Toil-Relic-main\tests\ToilRelic.Tests\bin\Debug\net8.0\ToilRelic.Tests.dll" adapterTypeName="executor://xunit/VsTestRunner2/netcoreapp" className="ToilRelic.Tests.SaveSystemTests" name="Load_ImpossibleCoreValue_ReturnsUnreadableWithoutChangingBytes" />
    </UnitTest>
    <UnitTest name="ToilRelic.Tests.SaveSystemTests.Save_CurrentFormat_KeepsExistingJsonShape" storage="c:\toil-relic-main\tests\toilrelic.tests\bin\debug\net8.0\toilrelic.tests.dll" id="6fdc1752-ffbc-65e7-1cbb-097f245a7fc2">
      <Execution id="97439269-7f1e-43c5-a625-8ab48bbe9e72" />
      <TestMethod codeBase="C:\Toil-Relic-main\tests\ToilRelic.Tests\bin\Debug\net8.0\ToilRelic.Tests.dll" adapterTypeName="executor://xunit/VsTestRunner2/netcoreapp" className="ToilRelic.Tests.SaveSystemTests" name="Save_CurrentFormat_KeepsExistingJsonShape" />
    </UnitTest>
    <UnitTest name="ToilRelic.Tests.SaveSystemTests.Load_ImpossibleCoreValue_ReturnsUnreadableWithoutChangingBytes(invalidCase: NegativeTreasureCount)" storage="c:\toil-relic-main\tests\toilrelic.tests\bin\debug\net8.0\toilrelic.tests.dll" id="f679faa0-da84-49c8-0a29-2d50e00d5b4d">
      <Execution id="2bc40f69-050c-4e62-917e-b2bb7e7f53d1" />
      <TestMethod codeBase="C:\Toil-Relic-main\tests\ToilRelic.Tests\bin\Debug\net8.0\ToilRelic.Tests.dll" adapterTypeName="executor://xunit/VsTestRunner2/netcoreapp" className="ToilRelic.Tests.SaveSystemTests" name="Load_ImpossibleCoreValue_ReturnsUnreadableWithoutChangingBytes" />
    </UnitTest>
    <UnitTest name="ToilRelic.Tests.SaveSystemTests.Load_LockedFile_ReturnsUnreadableWithoutChangingBytes" storage="c:\toil-relic-main\tests\toilrelic.tests\bin\debug\net8.0\toilrelic.tests.dll" id="bf6f5821-b844-c839-3b6a-f39b1f581df1">
      <Execution id="a438ac33-6976-4d10-9c65-d99a183e2233" />
      <TestMethod codeBase="C:\Toil-Relic-main\tests\ToilRelic.Tests\bin\Debug\net8.0\ToilRelic.Tests.dll" adapterTypeName="executor://xunit/VsTestRunner2/netcoreapp" className="ToilRelic.Tests.SaveSystemTests" name="Load_LockedFile_ReturnsUnreadableWithoutChangingBytes" />
    </UnitTest>
    <UnitTest name="ToilRelic.Tests.SaveSystemTests.Load_MissingRequiredCoreField_ReturnsUnreadableWithoutChangingBytes(fieldName: &quot;Inventory&quot;)" storage="c:\toil-relic-main\tests\toilrelic.tests\bin\debug\net8.0\toilrelic.tests.dll" id="e0f0d762-5f40-8624-e70e-ba43f75f5fda">
      <Execution id="4d6b79fd-a4c5-4bd7-8a6b-c115b87f82cd" />
      <TestMethod codeBase="C:\Toil-Relic-main\tests\ToilRelic.Tests\bin\Debug\net8.0\ToilRelic.Tests.dll" adapterTypeName="executor://xunit/VsTestRunner2/netcoreapp" className="ToilRelic.Tests.SaveSystemTests" name="Load_MissingRequiredCoreField_ReturnsUnreadableWithoutChangingBytes" />
    </UnitTest>
  </TestDefinitions>
  <TestEntries>
    <TestEntry testId="cd59e02a-e9e8-731b-68f4-1b318d0f4f85" executionId="3be33246-1d6b-414c-bd1a-f9a0f92e0974" testListId="8c84fa94-04c1-424b-9868-57a2d4851a1d" />
    <TestEntry testId="bd6bd27a-d6bd-4295-4895-563595853a3f" executionId="ad30e093-a49b-4863-af52-802732c3a544" testListId="8c84fa94-04c1-424b-9868-57a2d4851a1d" />
    <TestEntry testId="2acbbf53-5d00-6bae-d992-426f665c8ac2" executionId="f9669a39-cdb9-4ab9-bf68-b93b424ade9d" testListId="8c84fa94-04c1-424b-9868-57a2d4851a1d" />
    <TestEntry testId="6fdc1752-ffbc-65e7-1cbb-097f245a7fc2" executionId="97439269-7f1e-43c5-a625-8ab48bbe9e72" testListId="8c84fa94-04c1-424b-9868-57a2d4851a1d" />
    <TestEntry testId="fdc46367-e306-adab-e1c2-77f578ae932f" executionId="ece305f6-a169-4e66-8c6b-e398874266e6" testListId="8c84fa94-04c1-424b-9868-57a2d4851a1d" />
    <TestEntry testId="dcafc412-9f45-adda-e3ed-1e72bac90faa" executionId="9306732d-8d8d-407c-9d50-a15aebc26474" testListId="8c84fa94-04c1-424b-9868-57a2d4851a1d" />
    <TestEntry testId="61053060-edae-24f9-fb86-67399672acb0" executionId="a3e0424d-cc6c-4b8a-a7f3-85e567b6c70e" testListId="8c84fa94-04c1-424b-9868-57a2d4851a1d" />
    <TestEntry testId="95722fa5-4a33-1b2a-eee8-81326c554a44" executionId="d832ca21-3810-49bc-8e8e-2c20c9b15d8c" testListId="8c84fa94-04c1-424b-9868-57a2d4851a1d" />
    <TestEntry testId="1f88d99a-7697-01b8-9ed5-2ed599518017" executionId="3dd5030f-3ec1-4e5d-83b1-21cf480d7307" testListId="8c84fa94-04c1-424b-9868-57a2d4851a1d" />
    <TestEntry testId="44518b6d-96b8-d21d-c455-99ec04fa7bf9" executionId="bd8db088-3437-4b64-ba0c-9d68ab73ea09" testListId="8c84fa94-04c1-424b-9868-57a2d4851a1d" />
    <TestEntry testId="5e00eb23-a91c-771d-fc55-6516dc05c5a5" executionId="11dff6ce-10d8-4fe1-9f65-181a7d1d419b" testListId="8c84fa94-04c1-424b-9868-57a2d4851a1d" />
    <TestEntry testId="e0f0d762-5f40-8624-e70e-ba43f75f5fda" executionId="4d6b79fd-a4c5-4bd7-8a6b-c115b87f82cd" testListId="8c84fa94-04c1-424b-9868-57a2d4851a1d" />
    <TestEntry testId="8841b95c-86a5-63e2-807d-0a45342a90e3" executionId="5b6b9bd2-5f2c-437b-b589-a20143d13775" testListId="8c84fa94-04c1-424b-9868-57a2d4851a1d" />
    <TestEntry testId="f9504f1a-ae1a-0d9e-e379-90e5a479e254" executionId="dcc911be-6a42-4dff-a264-908657076fa0" testListId="8c84fa94-04c1-424b-9868-57a2d4851a1d" />
    <TestEntry testId="5ddc163a-f961-87ec-a392-c07f500743c7" executionId="4a4718fe-97a0-4257-9c6d-22aee369d780" testListId="8c84fa94-04c1-424b-9868-57a2d4851a1d" />
    <TestEntry testId="64329dfb-6680-6af5-18eb-c30c9673bd4c" executionId="11cae56f-e793-4b85-b03e-14ba85740bd7" testListId="8c84fa94-04c1-424b-9868-57a2d4851a1d" />
    <TestEntry testId="d5f38515-f76b-5fbd-7ed6-9fcdc41402d1" executionId="acca01d8-c39a-41e1-80d6-0a967a3c4fef" testListId="8c84fa94-04c1-424b-9868-57a2d4851a1d" />
    <TestEntry testId="4ab0c5fb-1d63-4069-6ba7-04c5bbbc472f" executionId="105c3329-cd67-4957-8dba-9fa20108b5d8" testListId="8c84fa94-04c1-424b-9868-57a2d4851a1d" />
    <TestEntry testId="e38bba25-6bb7-8430-083d-6e870c201ad6" executionId="2d69beb3-35c5-471c-b6b1-79f3d7236013" testListId="8c84fa94-04c1-424b-9868-57a2d4851a1d" />
    <TestEntry testId="3c8c0abf-5df1-873c-55dc-cf970c8c695b" executionId="f247dc14-0443-45f4-9648-8f02483d1002" testListId="8c84fa94-04c1-424b-9868-57a2d4851a1d" />
    <TestEntry testId="81e0ba78-da48-8718-c853-50dbcd262972" executionId="53f47b16-8a39-4b01-b72c-755dd6ea8651" testListId="8c84fa94-04c1-424b-9868-57a2d4851a1d" />
    <TestEntry testId="f679faa0-da84-49c8-0a29-2d50e00d5b4d" executionId="2bc40f69-050c-4e62-917e-b2bb7e7f53d1" testListId="8c84fa94-04c1-424b-9868-57a2d4851a1d" />
    <TestEntry testId="0f11059d-0561-ce9c-3926-438dd42c3563" executionId="bd604343-8340-4ecf-96a5-5f87421d0278" testListId="8c84fa94-04c1-424b-9868-57a2d4851a1d" />
    <TestEntry testId="cd810a1d-5faf-4113-9c37-3aa214fbcd6a" executionId="b28d936b-f727-493b-afd7-d8330cbc3e9d" testListId="8c84fa94-04c1-424b-9868-57a2d4851a1d" />
    <TestEntry testId="f1d26cc5-52bf-60c1-4df9-a5d393ebfc6c" executionId="faa1e5b7-d620-47f6-823c-14967dfc5514" testListId="8c84fa94-04c1-424b-9868-57a2d4851a1d" />
    <TestEntry testId="3beb3490-9545-fd58-4fa6-f946a9de9080" executionId="85089ff8-e88d-4641-9b13-6a7e49d23a37" testListId="8c84fa94-04c1-424b-9868-57a2d4851a1d" />
    <TestEntry testId="49af8928-e070-7f08-1196-9c8e8bfe8299" executionId="a1d12a0e-d649-46a1-8c4b-7e160135c52a" testListId="8c84fa94-04c1-424b-9868-57a2d4851a1d" />
    <TestEntry testId="6811dffb-0b0f-9012-0bc0-c920516b6016" executionId="4957121e-e602-4f6b-8fab-18f40b69d8ff" testListId="8c84fa94-04c1-424b-9868-57a2d4851a1d" />
    <TestEntry testId="9fab5553-176d-af7b-14fc-430ea212da5c" executionId="d7ba0244-baca-4ac5-8f43-f52e855a6f71" testListId="8c84fa94-04c1-424b-9868-57a2d4851a1d" />
    <TestEntry testId="469e99ca-02e3-c69b-eed4-315f41a68943" executionId="ff5d6f5f-b25a-4781-a093-09e5c54b8659" testListId="8c84fa94-04c1-424b-9868-57a2d4851a1d" />
    <TestEntry testId="8119fbe4-98c1-680c-0f86-6c8d94509b1b" executionId="a19f9a08-1b23-4fa2-ab87-53687094eca3" testListId="8c84fa94-04c1-424b-9868-57a2d4851a1d" />
    <TestEntry testId="284bae40-4d44-2ec7-48d1-403de349a9be" executionId="82a08b4c-d1b3-4922-aa90-161340dc4b74" testListId="8c84fa94-04c1-424b-9868-57a2d4851a1d" />
    <TestEntry testId="bf6f5821-b844-c839-3b6a-f39b1f581df1" executionId="a438ac33-6976-4d10-9c65-d99a183e2233" testListId="8c84fa94-04c1-424b-9868-57a2d4851a1d" />
    <TestEntry testId="8922dc8f-1e09-730b-e9e6-e8476dc71a3b" executionId="1828e09b-e973-45f9-b59d-066273f4a67f" testListId="8c84fa94-04c1-424b-9868-57a2d4851a1d" />
    <TestEntry testId="46f35d1c-9b8b-f80c-a5a6-6dfd6d2c155c" executionId="4cd53b15-8a48-4779-887d-8008841d7e64" testListId="8c84fa94-04c1-424b-9868-57a2d4851a1d" />
    <TestEntry testId="c100a3fe-7faf-e998-efbf-059ebc03514b" executionId="02a77901-a86d-43f4-b080-16b38066dbbd" testListId="8c84fa94-04c1-424b-9868-57a2d4851a1d" />
    <TestEntry testId="f80ff2f0-ba6a-b2d4-109b-d96e2beefdd5" executionId="a8802fd1-c519-405e-99cb-ff0e44a0e8f6" testListId="8c84fa94-04c1-424b-9868-57a2d4851a1d" />
    <TestEntry testId="f4f8bcce-debe-4571-99f2-36726262d655" executionId="72bba80b-6c3a-4b5d-89ff-7867647f8a5c" testListId="8c84fa94-04c1-424b-9868-57a2d4851a1d" />
    <TestEntry testId="b29f5b99-068e-bc54-825f-1718f8a76108" executionId="ab41b759-c5cb-4d18-82f8-fec36e722f28" testListId="8c84fa94-04c1-424b-9868-57a2d4851a1d" />
    <TestEntry testId="72576d8a-7292-829a-931b-ea32b49d0e63" executionId="2a8fccb2-87d7-4e79-bbd4-7640bdb68e50" testListId="8c84fa94-04c1-424b-9868-57a2d4851a1d" />
  </TestEntries>
  <TestLists>
    <TestList name="목록에 없는 결과" id="8c84fa94-04c1-424b-9868-57a2d4851a1d" />
    <TestList name="로드된 모든 결과" id="19431567-8539-422a-85d7-44ee4e166bda" />
  </TestLists>
  <ResultSummary outcome="Completed">
    <Counters total="40" executed="40" passed="40" failed="0" error="0" timeout="0" aborted="0" inconclusive="0" passedButRunAborted="0" notRunnable="0" notExecuted="0" disconnected="0" warning="0" completed="0" inProgress="0" pending="0" />
    <Output>
      <StdOut>[xUnit.net 00:00:00.00] xUnit.net VSTest Adapter v2.5.3.1+6b60a9e56a (64-bit .NET 8.0.29)&#xD;
[xUnit.net 00:00:00.17]   Discovering: ToilRelic.Tests&#xD;
[xUnit.net 00:00:00.23]   Discovered:  ToilRelic.Tests&#xD;
[xUnit.net 00:00:00.23]   Starting:    ToilRelic.Tests&#xD;
[xUnit.net 00:00:01.04]   Finished:    ToilRelic.Tests&#xD;
</StdOut>
    </Output>
  </ResultSummary>
</TestRun>